Archive member included because of file (symbol)

/l/arm2/devtools/lib/gcc/arm-none-eabi/4.8.4/libgcc.a(_udivsi3.o)
                              binaries/qsort.o (__aeabi_uidiv)
/l/arm2/devtools/lib/gcc/arm-none-eabi/4.8.4/libgcc.a(_divsi3.o)
                              binaries/xsh_help.o (__aeabi_idiv)
/l/arm2/devtools/lib/gcc/arm-none-eabi/4.8.4/libgcc.a(_dvmd_tls.o)
                              /l/arm2/devtools/lib/gcc/arm-none-eabi/4.8.4/libgcc.a(_udivsi3.o) (__aeabi_idiv0)

Allocating common symbols
Common symbol       size              file

platform            0x3c              binaries/ascdate.o
readylist           0x2               binaries/ready.o
page_table          0x190000          binaries/mmu.o
sleepq              0x2               binaries/clkinit.o
round               0x4               binaries/xsh_process_ring.o
fibfut              0x28              binaries/xsh_run.o
intc_vector         0x200             binaries/evec.o
nnames              0x4               binaries/naminit.o
minheap             0x4               binaries/meminit.o
marks               0x50              binaries/mark.o
currpid             0x4               binaries/initialize.o
Lf_data             0x20c             binaries/lfsinit.o
porttab             0x2d0             binaries/ptinit.o
ttytab              0x110             binaries/ttyinit.o
proctab             0x15e0            binaries/initialize.o
prcount             0x4               binaries/initialize.o
number_of_processes
                    0x4               binaries/xsh_process_ring.o
lfltab              0xf00             binaries/lflinit.o
end_time            0x4               binaries/xsh_process_ring.o
nmarks              0x4               binaries/mark.o
start_time          0x4               binaries/xsh_process_ring.o
Defer               0x8               binaries/resched.o
semtab              0x4b0             binaries/initialize.o
interruptVector     0x80              binaries/pl190.o
countdown           0x4               binaries/xsh_process_ring.o
clkticks            0x4               binaries/clkinit.o
maxheap             0x4               binaries/meminit.o
preempt             0x4               binaries/clkinit.o
buftab              0xf0              binaries/bufinit.o
uarttab             0x83c             binaries/uartInit.o
mkmutex             0x4               binaries/mark.o
looptab             0x410             binaries/loopbackInit.o
zero                0x4               binaries/xsh_run.o
clktime             0x4               binaries/clkinit.o
number_of_rounds    0x4               binaries/xsh_process_ring.o
poll_or_sync        0x4               binaries/xsh_process_ring.o
parent_process_id   0x4               binaries/xsh_process_ring.o
one                 0x4               binaries/xsh_run.o
nbpools             0x4               binaries/bufinit.o
queuetab            0x980             binaries/queue.o
ring                0x100             binaries/xsh_process_ring.o
ptnextid            0x4               binaries/ptinit.o
Ram                 0x19000           binaries/raminit.o
inbox               0x100             binaries/xsh_process_ring.o
memlist             0x8               binaries/initialize.o
nametab             0x19a0            binaries/naminit.o
ptfree              0x4               binaries/ptinit.o

Discarded input sections

 .group         0x00000000        0x8 binaries/ascdate.o
 .group         0x00000000        0x8 binaries/ascdate.o
 .group         0x00000000        0x8 binaries/ascdate.o
 .group         0x00000000        0x8 binaries/ascdate.o
 .group         0x00000000        0x8 binaries/ascdate.o
 .group         0x00000000        0x8 binaries/ascdate.o
 .group         0x00000000        0x8 binaries/ascdate.o
 .group         0x00000000        0x8 binaries/ascdate.o
 .group         0x00000000        0x8 binaries/ascdate.o
 .group         0x00000000        0x8 binaries/ascdate.o
 .group         0x00000000        0x8 binaries/ascdate.o
 .group         0x00000000        0x8 binaries/ascdate.o
 .group         0x00000000        0x8 binaries/ascdate.o
 .group         0x00000000        0x8 binaries/ascdate.o
 .group         0x00000000        0x8 binaries/ascdate.o
 .group         0x00000000        0x8 binaries/ascdate.o
 .group         0x00000000        0x8 binaries/ascdate.o
 .group         0x00000000        0x8 binaries/ascdate.o
 .group         0x00000000        0x8 binaries/ascdate.o
 .group         0x00000000        0x8 binaries/ascdate.o
 .group         0x00000000        0x8 binaries/ascdate.o
 .group         0x00000000        0x8 binaries/ascdate.o
 .group         0x00000000        0x8 binaries/ascdate.o
 .group         0x00000000        0x8 binaries/ascdate.o
 .group         0x00000000        0x8 binaries/ascdate.o
 .group         0x00000000        0x8 binaries/ascdate.o
 .group         0x00000000        0x8 binaries/ascdate.o
 .group         0x00000000        0x8 binaries/ascdate.o
[...]
Memory Configuration

Name             Origin             Length             Attributes
*default*        0x00000000         0xffffffff

Linker script and memory map

                0x00010000                physbase = 0x10000
                0x00010000                . = physbase
                0x00010000                . = ALIGN (0x1000)

.text           0x00010000     0xf000
                0x00010000                text = ABSOLUTE (.)
 *(.text .text.*)
 .text          0x00010000       0xc4 binaries/start.o
                0x00010000                start
 .text          0x000100c4      0x320 binaries/ascdate.o
                0x000100c4                ascdate
 .text          0x000103e4       0x18 binaries/bufinit.o
                0x000103e4                bufinit
 .text          0x000103fc       0x68 binaries/chprio.o
                0x000103fc                chprio
 .text          0x00010464       0x50 binaries/close.o
                0x00010464                close
 .text          0x000104b4        0x0 binaries/conf.o
 .text          0x000104b4       0x68 binaries/control.o
                0x000104b4                control
 .text          0x0001051c       0x10 binaries/exit.o
                0x0001051c                exit
 .text          0x0001052c       0x7c binaries/freebuf.o
                0x0001052c                freebuf
 .text          0x000105a8      0x13c binaries/freemem.o
                0x000105a8                freemem
 .text          0x000106e4       0x68 binaries/future_alloc.o
                0x000106e4                future_alloc
 .text          0x0001074c       0xd4 binaries/future_free.o
                0x0001074c                future_free
 .text          0x00010820      0x238 binaries/future_get.o
                0x00010820                future_exclusive_get
                0x00010864                future_shared_get
                0x000108d0                future_queue_get
                0x00010980                future_get
 .text          0x00010a58      0x20c binaries/future_set.o
                0x00010a58                future_exclusive_set
                0x00010aa4                future_shared_set
                0x00010afc                future_queue_set
                0x00010b98                future_set
 .text          0x00010c64      0x4fc binaries/future_test.o
                0x00010c64                future_prod
                0x00010ccc                future_ring
                0x00010d30                future_cons
                0x00010d78                future_test
 .text          0x00011160       0x78 binaries/getbuf.o
                0x00011160                getbuf
 .text          0x000111d8       0x50 binaries/getc.o
                0x000111d8                getc
 .text          0x00011228       0x68 binaries/getdev.o
                0x00011228                getdev
 .text          0x00011290       0x9c binaries/getitem.o
                0x00011290                getitem
                0x000112c0                getfirst
                0x000112f4                getlast
 .text          0x0001132c       0xf8 binaries/getmem.o
                0x0001132c                getmem
 .text          0x00011424       0x10 binaries/getpid.o
                0x00011424                getpid
 .text          0x00011434       0x58 binaries/getprio.o
                0x00011434                getprio
 .text          0x0001148c       0xc0 binaries/getstk.o
                0x0001148c                getstk
 .text          0x0001154c       0x50 binaries/init.o
                0x0001154c                init
 .text          0x0001159c      0x2c8 binaries/initialize.o
                0x000115dc                nulluser
                0x00011804                stop
                0x00011828                delay
 .text          0x00011864       0xc0 binaries/insert.o
                0x00011864                insert
 .text          0x00011924      0x120 binaries/insertd.o
                0x00011924                insertd
 .text          0x00011a44        0x8 binaries/ioerr.o
                0x00011a44                ioerr
 .text          0x00011a4c        0x8 binaries/ionull.o
                0x00011a4c                ionull
 .text          0x00011a54      0x158 binaries/kill.o
                0x00011a54                kill
 .text          0x00011bac       0x9c binaries/main.o
                0x00011bac                main
 .text          0x00011c48       0xc4 binaries/mark.o
                0x00011c48                markinit
                0x00011c74                mark
 .text          0x00011d0c      0x134 binaries/mkbufpool.o
                0x00011d0c                mkbufpool
 .text          0x00011e40      0x154 binaries/myqueue.o
                0x00011e40                queue_alloc
                0x00011e74                queue_free
                0x00011e94                queue_push
                0x00011f20                queue_pop
 .text          0x00011f94       0x7c binaries/newqueue.o
                0x00011f94                newqueue
 .text          0x00012010       0x60 binaries/open.o
                0x00012010                open
 .text          0x00012070       0x20 binaries/panic.o
                0x00012070                panic
 .text          0x00012090       0xa8 binaries/ptclear.o
                0x00012090                _ptclear
 .text          0x00012138       0x78 binaries/ptcount.o
                0x00012138                ptcount
 .text          0x000121b0       0xd4 binaries/ptcreate.o
                0x000121b0                ptcreate
 .text          0x00012284       0x74 binaries/ptdelete.o
                0x00012284                ptdelete
 .text          0x000122f8       0xb8 binaries/ptinit.o
                0x000122f8                ptinit
 .text          0x000123b0       0xd0 binaries/ptrecv.o
                0x000123b0                ptrecv
 .text          0x00012480       0x64 binaries/ptreset.o
                0x00012480                ptreset
 .text          0x000124e4       0xf0 binaries/ptsend.o
                0x000124e4                ptsend
 .text          0x000125d4       0x58 binaries/putc.o
                0x000125d4                putc
 .text          0x0001262c       0xe8 binaries/queue.o
                0x0001262c                enqueue
                0x000126b8                dequeue
 .text          0x00012714       0x60 binaries/read.o
                0x00012714                read
 .text          0x00012774       0x70 binaries/ready.o
                0x00012774                ready
 .text          0x000127e4       0x60 binaries/receive.o
                0x000127e4                receive
 .text          0x00012844       0x48 binaries/recvclr.o
                0x00012844                recvclr
 .text          0x0001288c       0xb0 binaries/recvtime.o
                0x0001288c                recvtime
 .text          0x0001293c      0x18c binaries/resched.o
                0x0001293c                resched
                0x00012a1c                resched_cntl
 .text          0x00012ac8       0x90 binaries/resume.o
                0x00012ac8                resume
 .text          0x00012b58       0x58 binaries/seek.o
                0x00012b58                seek
 .text          0x00012bb0       0x54 binaries/semcount.o
                0x00012bb0                semcount
 .text          0x00012c04       0xa8 binaries/semcreate.o
                0x00012c04                semcreate
 .text          0x00012cac       0xac binaries/semdelete.o
                0x00012cac                semdelete
 .text          0x00012d58       0xa0 binaries/semreset.o
                0x00012d58                semreset
 .text          0x00012df8       0xbc binaries/send.o
                0x00012df8                send
 .text          0x00012eb4       0x80 binaries/signal.o
                0x00012eb4                signal
 .text          0x00012f34       0xb0 binaries/signaln.o
                0x00012f34                signaln
 .text          0x00012fe4       0xcc binaries/sleep.o
                0x00012fe4                sleepms
                0x00013080                sleep
 .text          0x000130b0       0xb8 binaries/suspend.o
                0x000130b0                suspend
 .text          0x00013168       0xac binaries/unsleep.o
                0x00013168                unsleep
 .text          0x00013214       0x10 binaries/userret.o
                0x00013214                userret
 .text          0x00013224       0xac binaries/wait.o
                0x00013224                wait
 .text          0x000132d0       0x94 binaries/wakeup.o
                0x000132d0                wakeup
 .text          0x00013364       0x60 binaries/write.o
                0x00013364                write
 .text          0x000133c4       0x18 binaries/xdone.o
                0x000133c4                xdone
 .text          0x000133dc       0x20 binaries/yield.o
                0x000133dc                yield
 .text          0x000133fc       0xb8 binaries/clkhandler.o
                0x000133fc                clkhandler
 .text          0x000134b4       0x88 binaries/clkinit.o
                0x000134b4                clkinit
 .text          0x0001353c       0x58 binaries/gettime.o
                0x0001353c                get_datetime
                0x0001355c                set_datetime
                0x0001357c                gettime
 .text          0x00013594       0x2c binaries/kprintf.o
                0x00013594                kprintf
 .text          0x000135c0       0x68 binaries/pl190.o
                0x000135c0                enable_irq
                0x000135d8                disable_irq
                0x000135f0                dispatch
 .text          0x00013628      0x130 binaries/platinit.o
                0x00013628                platinit
 .text          0x00013758       0x48 binaries/sp804.o
                0x00013758                sp804_init
                0x0001376c                clkcount
                0x00013780                clkupdate
 .text          0x000137a0       0x68 binaries/udelay.o
                0x000137a0                udelay
 .text          0x00013808      0x290 binaries/create.o
                0x00013808                create
 .text          0x00013a98       0xac binaries/evec.o
                0x00013a98                initintc
                0x00013ac4                set_evec
                0x00013b04                irq_dispatch
 .text          0x00013b44       0x44 binaries/meminit.o
                0x00013b44                meminit
 .text          0x00013b88      0x180 binaries/mmu.o
                0x00013b88                setPageTable
                0x00013ba8                setAccessControl
                0x00013bb4                FlushTLB
                0x00013bc0                enableMMU
                0x00013bd0                initializeMMU
                0x00013cf4                pageFaultHandler
 .text          0x00013d08        0xc binaries/abs.o
                0x00013d08                abs
 .text          0x00013d14      0x114 binaries/atoi.o
                0x00013d14                atoi
 .text          0x00013e28      0x114 binaries/atol.o
                0x00013e28                atol
 .text          0x00013f3c       0x20 binaries/bzero.o
                0x00013f3c                bzero
 .text          0x00013f5c        0x0 binaries/ctype_.o
 .text          0x00013f5c      0x948 binaries/doprnt.o
                0x00014140                _doprnt
 .text          0x000148a4      0x708 binaries/doscan.o
                0x000148a4                _doscan
 .text          0x00014fac      0x878 binaries/fdoprnt.o
                0x00015058                _fdoprnt
 .text          0x00015824       0x14 binaries/fgetc.o
                0x00015824                fgetc
 .text          0x00015838       0x84 binaries/fgets.o
                0x00015838                fgets
 .text          0x000158bc       0x3c binaries/fprintf.o
                0x000158bc                fprintf
 .text          0x000158f8       0x24 binaries/fputc.o
                0x000158f8                fputc
 .text          0x0001591c       0x38 binaries/fputs.o
                0x0001591c                fputs
 .text          0x00015954       0x78 binaries/fscanf.o
                0x00015988                fscanf
 .text          0x000159cc       0x2c binaries/getchar.o
                0x000159cc                getchar
 .text          0x000159f8        0xc binaries/labs.o
                0x000159f8                labs
 .text          0x00015a04       0x48 binaries/memchr.o
                0x00015a04                memchr
 .text          0x00015a4c       0x60 binaries/memcmp.o
                0x00015a4c                memcmp
 .text          0x00015aac       0x24 binaries/memcpy.o
                0x00015aac                memcpy
 .text          0x00015ad0       0x20 binaries/memset.o
                0x00015ad0                memset
 .text          0x00015af0       0x58 binaries/printf.o
                0x00015af0                printf
 .text          0x00015b48       0x2c binaries/putchar.o
                0x00015b48                putchar
 .text          0x00015b74      0x250 binaries/qsort.o
                0x00015da4                qsort
 .text          0x00015dc4       0x40 binaries/rand.o
                0x00015dc4                srand
                0x00015dd4                rand
 .text          0x00015e04       0x68 binaries/sprintf.o
                0x00015e1c                sprintf
 .text          0x00015e6c       0x78 binaries/sscanf.o
                0x00015ea0                sscanf
 .text          0x00015ee4       0x48 binaries/strchr.o
                0x00015ee4                strchr
 .text          0x00015f2c       0x54 binaries/strcmp.o
                0x00015f2c                strcmp
 .text          0x00015f80       0x18 binaries/strcpy.o
                0x00015f80                strcpy
 .text          0x00015f98       0x30 binaries/strlen.o
                0x00015f98                strlen
 .text          0x00015fc8       0x50 binaries/strncat.o
                0x00015fc8                strncat
 .text          0x00016018       0x54 binaries/strncmp.o
                0x00016018                strncmp
 .text          0x0001606c       0x80 binaries/strncpy.o
                0x0001606c                strncpy
 .text          0x000160ec       0x48 binaries/strnlen.o
                0x000160ec                strnlen
 .text          0x00016134       0x58 binaries/strrchr.o
                0x00016134                strrchr
 .text          0x0001618c       0xb0 binaries/strstr.o
                0x0001618c                strstr
 .text          0x0001623c      0x120 binaries/addargs.o
                0x0001623c                addargs
 .text          0x0001635c      0x2b4 binaries/lexan.o
                0x0001635c                lexan
 .text          0x00016610      0x67c binaries/shell.o
                0x00016610                shell
 .text          0x00016c8c       0x64 binaries/xsh_argecho.o
                0x00016c8c                xsh_argecho
 .text          0x00016cf0        0x0 binaries/xsh_arp.o
 .text          0x00016cf0      0x224 binaries/xsh_cat.o
                0x00016cf0                xsh_cat
 .text          0x00016f14       0x5c binaries/xsh_clear.o
                0x00016f14                xsh_clear
 .text          0x00016f70      0x270 binaries/xsh_date.o
                0x00016f70                xsh_date
 .text          0x000171e0       0x98 binaries/xsh_devdump.o
                0x000171e0                xsh_devdump
 .text          0x00017278       0x68 binaries/xsh_echo.o
                0x00017278                xsh_echo
 .text          0x000172e0        0x8 binaries/xsh_exit.o
                0x000172e0                xsh_exit
 .text          0x000172e8      0x154 binaries/xsh_hello.o
                0x000172e8                xsh_hello
 .text          0x0001743c      0x39c binaries/xsh_help.o
                0x0001743c                xsh_help
 .text          0x000177d8        0x0 binaries/xsh_ipaddr.o
 .text          0x000177d8      0x1e0 binaries/xsh_kill.o
                0x000177d8                xsh_kill
 .text          0x000179b8        0x0 binaries/xsh_led.o
 .text          0x000179b8      0x420 binaries/xsh_memdump.o
                0x00017ab4                xsh_memdump
 .text          0x00017dd8      0x21c binaries/xsh_memstat.o
                0x00017dd8                xsh_memstat
 .text          0x00017ff4       0xb0 binaries/xsh_mmu.o
                0x00017ff4                function1
                0x00018020                xsh_mmu
 .text          0x000180a4        0x0 binaries/xsh_ping.o
 .text          0x000180a4      0x710 binaries/xsh_process_ring.o
                0x000180a4                xsh_process_ring
 .text          0x000187b4      0x220 binaries/xsh_ps.o
                0x000187b4                xsh_ps
 .text          0x000189d4      0x524 binaries/xsh_run.o
                0x000189d4                ffib
                0x00018b70                xsh_run
 .text          0x00018ef8      0x1bc binaries/xsh_sleep.o
                0x00018ef8                xsh_sleep
 .text          0x000190b4        0x0 binaries/xsh_udpdump.o
 .text          0x000190b4        0x0 binaries/xsh_udpecho.o
 .text          0x000190b4        0x0 binaries/xsh_udpeserver.o
 .text          0x000190b4      0x1b4 binaries/xsh_uptime.o
                0x000190b4                xsh_uptime
 .text          0x00019268        0x4 binaries/consume.o
                0x00019268                consumer
 .text          0x0001926c      0x198 binaries/process_ring.o
                0x0001926c                process_ring
 .text          0x00019404        0x4 binaries/produce.o
                0x00019404                producer
 .text          0x00019408       0xc8 binaries/ttycontrol.o
                0x00019408                ttycontrol
 .text          0x000194d0       0x6c binaries/ttygetc.o
                0x000194d0                ttygetc
 .text          0x0001953c      0x4d4 binaries/ttyhandle_in.o
                0x00019608                ttyhandle_in
 .text          0x00019a10      0x14c binaries/ttyhandle_out.o
                0x00019a10                ttyhandle_out
 .text          0x00019b5c       0xc8 binaries/ttyhandler.o
                0x00019b5c                ttyhandler
 .text          0x00019c24      0x120 binaries/ttyinit.o
                0x00019c24                ttyinit
 .text          0x00019d44        0xc binaries/ttykickout.o
                0x00019d44                ttykickout
 .text          0x00019d50       0x78 binaries/ttyputc.o
                0x00019d50                ttyputc
 .text          0x00019dc8      0x110 binaries/ttyread.o
                0x00019dc8                ttyread
 .text          0x00019ed8       0x4c binaries/ttywrite.o
                0x00019ed8                ttywrite
 .text          0x00019f24      0x130 binaries/mount.o
                0x00019f24                namlen
                0x00019f78                mount
 .text          0x0001a054      0x1bc binaries/naminit.o
                0x0001a054                naminit
 .text          0x0001a210      0x234 binaries/nammap.o
                0x0001a210                namrepl
                0x0001a348                namcpy
                0x0001a3a4                nammap
 .text          0x0001a444       0x40 binaries/namopen.o
                0x0001a444                namopen
 .text          0x0001a484        0x8 binaries/ramclose.o
                0x0001a484                ramclose
 .text          0x0001a48c       0x3c binaries/raminit.o
                0x0001a48c                raminit
 .text          0x0001a4c8        0x8 binaries/ramopen.o
                0x0001a4c8                ramopen
 .text          0x0001a4d0       0x24 binaries/ramread.o
                0x0001a4d0                ramread
 .text          0x0001a4f4       0x20 binaries/ramwrite.o
                0x0001a4f4                ramwrite
 .text          0x0001a514       0x8c binaries/lfdballoc.o
                0x0001a514                lfdballoc
 .text          0x0001a5a0       0x4c binaries/lfdbfree.o
                0x0001a5a0                lfdbfree
 .text          0x0001a5ec       0xac binaries/lfflush.o
                0x0001a5ec                lfflush
 .text          0x0001a698       0xc8 binaries/lfgetmode.o
                0x0001a698                lfgetmode
 .text          0x0001a760       0x68 binaries/lfiballoc.o
                0x0001a760                lfiballoc
 .text          0x0001a7c8       0x30 binaries/lfibclear.o
                0x0001a7c8                lfibclear
 .text          0x0001a7f8       0x64 binaries/lfibget.o
                0x0001a7f8                lfibget
 .text          0x0001a85c       0x84 binaries/lfibput.o
                0x0001a85c                lfibput
 .text          0x0001a8e0       0x84 binaries/lflclose.o
                0x0001a8e0                lflclose
 .text          0x0001a964       0xa0 binaries/lflcontrol.o
                0x0001a964                lflcontrol
 .text          0x0001aa04       0xa8 binaries/lflgetc.o
                0x0001aa04                lflgetc
 .text          0x0001aaac       0xa8 binaries/lflinit.o
                0x0001aaac                lflinit
 .text          0x0001ab54       0xd8 binaries/lflputc.o
                0x0001ab54                lflputc
 .text          0x0001ac2c       0x78 binaries/lflread.o
                0x0001ac2c                lflread
 .text          0x0001aca4       0x80 binaries/lflseek.o
                0x0001aca4                lflseek
 .text          0x0001ad24       0x54 binaries/lflwrite.o
                0x0001ad24                lflwrite
 .text          0x0001ad78      0x11c binaries/lfsckfmt.o
                0x0001ad78                lfsckfmt
 .text          0x0001ae94      0x15c binaries/lfscreate.o
                0x0001ae94                lfscreate
 .text          0x0001aff0      0x1e0 binaries/lfsetup.o
                0x0001aff0                lfsetup
 .text          0x0001b1d0       0x44 binaries/lfsinit.o
                0x0001b1d0                lfsinit
 .text          0x0001b214      0x304 binaries/lfsopen.o
                0x0001b214                lfsopen
 .text          0x0001b518      0x104 binaries/lftruncate.o
                0x0001b518                lftruncate
 .text          0x0001b61c       0x40 binaries/kvprintf.o
                0x0001b61c                kvprintf
 .text          0x0001b65c       0xc0 binaries/uartControl.o
                0x0001b65c                uartControl
 .text          0x0001b71c       0x28 binaries/uartGetc.o
                0x0001b71c                uartGetc
 .text          0x0001b744       0xe8 binaries/uartInit.o
                0x0001b744                uartInit
 .text          0x0001b82c       0x30 binaries/uartPutc.o
                0x0001b82c                uartPutc
 .text          0x0001b85c      0x100 binaries/uartRead.o
                0x0001b85c                uartRead
 .text          0x0001b95c       0xd0 binaries/uartStat.o
                0x0001b95c                uartStat
 .text          0x0001ba2c      0x114 binaries/uartWrite.o
                0x0001ba2c                uartWrite
 .text          0x0001bb40       0x50 binaries/kgetc.o
                0x0001bb40                kgetc
 .text          0x0001bb90       0x4c binaries/kputc.o
                0x0001bb90                kputc
 .text          0x0001bbdc       0x94 binaries/uartHwInit.o
                0x0001bbdc                uartHwInit
 .text          0x0001bc70        0x8 binaries/uartHwPutc.o
                0x0001bc70                uartHwPutc
 .text          0x0001bc78       0x64 binaries/uartHwStat.o
                0x0001bc78                uartHwStat
 .text          0x0001bcdc      0x16c binaries/uartInterrupt.o
                0x0001bcdc                uartInterrupt
 .text          0x0001be48        0x0 binaries/Doxygroup.o
 .text          0x0001be48       0x5c binaries/loopbackClose.o
                0x0001be48                loopbackClose
 .text          0x0001bea4       0x74 binaries/loopbackControl.o
                0x0001bea4                loopbackControl
 .text          0x0001bf18       0x8c binaries/loopbackGetc.o
                0x0001bf18                loopbackGetc
 .text          0x0001bfa4       0x2c binaries/loopbackInit.o
                0x0001bfa4                loopbackInit
 .text          0x0001bfd0       0x8c binaries/loopbackOpen.o
                0x0001bfd0                loopbackOpen
 .text          0x0001c05c       0x88 binaries/loopbackPutc.o
                0x0001c05c                loopbackPutc
 .text          0x0001c0e4       0x70 binaries/loopbackRead.o
                0x0001c0e4                loopbackRead
 .text          0x0001c154       0x7c binaries/loopbackWrite.o
                0x0001c154                loopbackWrite
 .text          0x0001c1d0       0x2c binaries/ctxsw.o
                0x0001c1d0                ctxsw
 .text          0x0001c1fc       0x30 binaries/irq_handler.o
                0x0001c1fc                irq_handler
 .text          0x0001c22c        0xc binaries/memory_barrier.o
                0x0001c22c                dmb
 .text          0x0001c238       0x30 binaries/page_fault.o
                0x0001c238                page_fault
 .text          0x0001c268      0x100 binaries/intr.o
                0x0001c268                disable
                0x0001c274                restore
                0x0001c298                enable
                0x0001c2a0                pause
                0x0001c2a0                halt
                0x0001c2a8                irq_except
                0x0001c2d8                initevec
                0x0001c338                expjmpinstr
 .text          0x0001c368      0x114 /l/arm2/devtools/lib/gcc/arm-none-eabi/4.8.4/libgcc.a(_udivsi3.o)
                0x0001c368                __udivsi3
                0x0001c368                __aeabi_uidiv
                0x0001c45c                __aeabi_uidivmod
 .text          0x0001c47c      0x148 /l/arm2/devtools/lib/gcc/arm-none-eabi/4.8.4/libgcc.a(_divsi3.o)
                0x0001c47c                __aeabi_idiv
                0x0001c47c                __divsi3
                0x0001c5a4                __aeabi_idivmod
 .text          0x0001c5c4        0x4 /l/arm2/devtools/lib/gcc/arm-none-eabi/4.8.4/libgcc.a(_dvmd_tls.o)
                0x0001c5c4                __aeabi_ldiv0
                0x0001c5c4                __aeabi_idiv0
 *(.rodata .rodata.*)
 .rodata.str1.4
                0x0001c5c8       0x78 binaries/ascdate.o
 .rodata.str1.4
                0x0001c640       0x6e binaries/conf.o
                                 0x70 (size before relaxing)
 *fill*         0x0001c6ae        0x2 
 .rodata.str1.4
                0x0001c6b0       0x2b binaries/future_get.o
                                 0x2c (size before relaxing)
 *fill*         0x0001c6db        0x1 
 .rodata.str1.4
                0x0001c6dc      0x1f8 binaries/future_test.o
                                0x1fc (size before relaxing)
 .rodata.str1.4
                0x0001c8d4      0x130 binaries/initialize.o
                                0x134 (size before relaxing)
 .rodata.str1.4
                0x0001ca04       0x42 binaries/main.o
                                 0x44 (size before relaxing)
 *fill*         0x0001ca46        0x2 
 .rodata.str1.4
                0x0001ca48       0x10 binaries/panic.o
 .rodata.str1.4
                0x0001ca58       0x1c binaries/ptinit.o
 .rodata.str1.4
                0x0001ca74       0x25 binaries/ptsend.o
                                 0x28 (size before relaxing)
 *fill*         0x0001ca99        0x3 
 .rodata.str1.4
                0x0001ca9c       0x27 binaries/xdone.o
                                 0x28 (size before relaxing)
 *fill*         0x0001cac3        0x1 
 .rodata.str1.4
                0x0001cac4       0x26 binaries/clkinit.o
                                 0x28 (size before relaxing)
 *fill*         0x0001caea        0x2 
 .rodata.str1.4
                0x0001caec       0x19 binaries/platinit.o
                                 0x1c (size before relaxing)
 *fill*         0x0001cb05        0x3 
 .rodata.str1.4
                0x0001cb08       0x14 binaries/mmu.o
 .rodata        0x0001cb1c       0x84 binaries/ctype_.o
                0x0001cb1c                _ctype_
 .rodata.str1.4
                0x0001cba0       0x2f binaries/doprnt.o
                                 0x30 (size before relaxing)
 .rodata.str1.4
                0x00000000       0x30 binaries/fdoprnt.o
 *fill*         0x0001cbcf        0x1 
 .rodata        0x0001cbd0       0xd8 binaries/shell.o
                0x0001cbd0                cmdtab
 .rodata.str1.4
                0x0001cca8      0x2da binaries/shell.o
                                0x2e4 (size before relaxing)
 *fill*         0x0001cf82        0x2 
 .rodata.str1.4
                0x0001cf84       0x29 binaries/xsh_argecho.o
                                 0x30 (size before relaxing)
 *fill*         0x0001cfad        0x3 
 .rodata.str1.4
                0x0001cfb0       0xcd binaries/xsh_cat.o
                                 0xd4 (size before relaxing)
 *fill*         0x0001d07d        0x3 
 .rodata.str1.4
                0x0001d080       0x15 binaries/xsh_clear.o
                                 0x18 (size before relaxing)
 *fill*         0x0001d095        0x3 
 .rodata.str1.4
                0x0001d098      0x1af binaries/xsh_date.o
                                0x1cc (size before relaxing)
 *fill*         0x0001d247        0x1 
 .rodata.str1.4
                0x0001d248       0x61 binaries/xsh_devdump.o
                                 0x64 (size before relaxing)
 *fill*         0x0001d2a9        0x3 
 .rodata.str1.4
                0x0001d2ac        0x8 binaries/xsh_echo.o
                                  0xc (size before relaxing)
 .rodata.str1.4
                0x0001d2b4       0xda binaries/xsh_hello.o
                                0x140 (size before relaxing)
 *fill*         0x0001d38e        0x2 
 .rodata.str1.4
                0x0001d390       0xe7 binaries/xsh_help.o
                                0x17c (size before relaxing)
 *fill*         0x0001d477        0x1 
 .rodata.str1.4
                0x0001d478       0xc8 binaries/xsh_kill.o
                                0x138 (size before relaxing)
 .rodata.str1.4
                0x0001d540      0x1d2 binaries/xsh_memdump.o
                                0x264 (size before relaxing)
 *fill*         0x0001d712        0x2 
 .rodata.str1.4
                0x0001d714      0x1cc binaries/xsh_memstat.o
                                0x234 (size before relaxing)
 .rodata.str1.4
                0x0001d8e0       0x33 binaries/xsh_mmu.o
                                 0x34 (size before relaxing)
 *fill*         0x0001d913        0x1 
 .rodata.str1.4
                0x0001d914      0x4f6 binaries/xsh_process_ring.o
                                0x588 (size before relaxing)
 *fill*         0x0001de0a        0x2 
 .rodata        0x0001de0c       0x20 binaries/xsh_ps.o
 .rodata.str1.4
                0x0001de2c      0x12a binaries/xsh_ps.o
                                0x1d4 (size before relaxing)
 *fill*         0x0001df56        0x2 
 .rodata.str1.4
                0x0001df58      0x32e binaries/xsh_run.o
                                0x430 (size before relaxing)
 *fill*         0x0001e286        0x2 
 .rodata.str1.4
                0x0001e288       0x5e binaries/xsh_sleep.o
                                 0xf8 (size before relaxing)
 *fill*         0x0001e2e6        0x2 
 .rodata.str1.4
                0x0001e2e8       0x77 binaries/xsh_uptime.o
                                0x114 (size before relaxing)
 *fill*         0x0001e35f        0x1 
 .rodata.str1.4
                0x0001e360       0x29 binaries/process_ring.o
                                 0x2c (size before relaxing)
 *fill*         0x0001e389        0x3 
 .rodata.str1.4
                0x0001e38c       0x86 binaries/naminit.o
                                 0x90 (size before relaxing)
 *fill*         0x0001e412        0x2 
 .rodata.str1.4
                0x0001e414        0x9 binaries/raminit.o
                                  0xc (size before relaxing)
 *fill*         0x0001e41d        0x3 
 .rodata.str1.4
                0x0001e420       0x37 binaries/lfdballoc.o
                                 0x38 (size before relaxing)
 *fill*         0x0001e457        0x1 
 .rodata.str1.4
                0x0001e458       0x14 binaries/lfiballoc.o
 .rodata.str1.4
                0x0001e46c       0x23 binaries/lflcontrol.o
                                 0x24 (size before relaxing)
 *fill*         0x0001e48f        0x1 
 .rodata.str1.4
                0x0001e490       0xbb binaries/lfsckfmt.o
                                 0xbc (size before relaxing)
 *fill*         0x0001e54b        0x1 
 .rodata.str1.4
                0x0001e54c       0xde binaries/uartStat.o
                                 0xe4 (size before relaxing)
 *fill*         0x0001e62a        0x2 
 .rodata        0x0001e62c        0x8 binaries/uartHwStat.o
 .rodata.str1.4
                0x0001e634       0x6c binaries/uartHwStat.o
                                 0x9c (size before relaxing)
                0x0001e6a0                etext = ABSOLUTE (.)
                0x0001f000                . = ALIGN (0x1000)
 *fill*         0x0001e6a0      0x960 

.glue_7         0x0001f000        0x0
 .glue_7        0x00000000        0x0 linker stubs

.glue_7t        0x0001f000        0x0
 .glue_7t       0x00000000        0x0 linker stubs

.vfp11_veneer   0x0001f000        0x0
 .vfp11_veneer  0x00000000        0x0 linker stubs

.v4_bx          0x0001f000        0x0
 .v4_bx         0x00000000        0x0 linker stubs

.iplt           0x0001f000        0x0
 .iplt          0x00000000        0x0 binaries/start.o

.rel.dyn        0x0001f000        0x0
 .rel.iplt      0x00000000        0x0 binaries/start.o

.data           0x0001f000     0x1000
                0x0001f000                data = ABSOLUTE (.)
 *(.data .data.*)
 .data          0x0001f000        0x0 binaries/start.o
 .data          0x0001f000       0x88 binaries/ascdate.o
                0x0001f000                Date
 .data          0x0001f088        0x0 binaries/bufinit.o
 .data          0x0001f088        0x0 binaries/chprio.o
 .data          0x0001f088        0x0 binaries/close.o
 .data          0x0001f088      0x30c binaries/conf.o
                0x0001f088                devtab
 .data          0x0001f394        0x0 binaries/control.o
 .data          0x0001f394        0x0 binaries/exit.o
 .data          0x0001f394        0x0 binaries/freebuf.o
 .data          0x0001f394        0x0 binaries/freemem.o
 .data          0x0001f394        0x0 binaries/future_alloc.o
 .data          0x0001f394        0x0 binaries/future_free.o
 .data          0x0001f394        0x0 binaries/future_get.o
 .data          0x0001f394        0x0 binaries/future_set.o
 .data          0x0001f394        0x0 binaries/future_test.o
 .data          0x0001f394        0x0 binaries/getbuf.o
 .data          0x0001f394        0x0 binaries/getc.o
 .data          0x0001f394        0x0 binaries/getdev.o
 .data          0x0001f394        0x0 binaries/getitem.o
 .data          0x0001f394        0x0 binaries/getmem.o
 .data          0x0001f394        0x0 binaries/getpid.o
 .data          0x0001f394        0x0 binaries/getprio.o
 .data          0x0001f394        0x0 binaries/getstk.o
 .data          0x0001f394        0x0 binaries/init.o
 .data          0x0001f394        0x0 binaries/initialize.o
 .data          0x0001f394        0x0 binaries/insert.o
 .data          0x0001f394        0x0 binaries/insertd.o
 .data          0x0001f394        0x0 binaries/ioerr.o
 .data          0x0001f394        0x0 binaries/ionull.o
 .data          0x0001f394        0x0 binaries/kill.o
 .data          0x0001f394        0x0 binaries/main.o
 .data          0x0001f394        0x0 binaries/mark.o
 .data          0x0001f394        0x0 binaries/mkbufpool.o
 .data          0x0001f394        0x0 binaries/myqueue.o
 .data          0x0001f394        0x2 binaries/newqueue.o
 .data          0x0001f396        0x0 binaries/open.o
 .data          0x0001f396        0x0 binaries/panic.o
 .data          0x0001f396        0x0 binaries/ptclear.o
 .data          0x0001f396        0x0 binaries/ptcount.o
 .data          0x0001f396        0x0 binaries/ptcreate.o
 .data          0x0001f396        0x0 binaries/ptdelete.o
 .data          0x0001f396        0x0 binaries/ptinit.o
 .data          0x0001f396        0x0 binaries/ptrecv.o
 .data          0x0001f396        0x0 binaries/ptreset.o
 .data          0x0001f396        0x0 binaries/ptsend.o
 .data          0x0001f396        0x0 binaries/putc.o
 .data          0x0001f396        0x0 binaries/queue.o
 .data          0x0001f396        0x0 binaries/read.o
 .data          0x0001f396        0x0 binaries/ready.o
 .data          0x0001f396        0x0 binaries/receive.o
 .data          0x0001f396        0x0 binaries/recvclr.o
 .data          0x0001f396        0x0 binaries/recvtime.o
 .data          0x0001f396        0x0 binaries/resched.o
 .data          0x0001f396        0x0 binaries/resume.o
 .data          0x0001f396        0x0 binaries/seek.o
 .data          0x0001f396        0x0 binaries/semcount.o
 .data          0x0001f396        0x0 binaries/semcreate.o
 .data          0x0001f396        0x0 binaries/semdelete.o
 .data          0x0001f396        0x0 binaries/semreset.o
 .data          0x0001f396        0x0 binaries/send.o
 .data          0x0001f396        0x0 binaries/signal.o
 .data          0x0001f396        0x0 binaries/signaln.o
 .data          0x0001f396        0x0 binaries/sleep.o
 .data          0x0001f396        0x0 binaries/suspend.o
 .data          0x0001f396        0x0 binaries/unsleep.o
 .data          0x0001f396        0x0 binaries/userret.o
 .data          0x0001f396        0x0 binaries/wait.o
 .data          0x0001f396        0x0 binaries/wakeup.o
 .data          0x0001f396        0x0 binaries/write.o
 .data          0x0001f396        0x0 binaries/xdone.o
 .data          0x0001f396        0x0 binaries/yield.o
 .data          0x0001f396        0x0 binaries/clkhandler.o
 .data          0x0001f396        0x0 binaries/clkinit.o
 .data          0x0001f396        0x0 binaries/gettime.o
 .data          0x0001f396        0x0 binaries/kprintf.o
 .data          0x0001f396        0x0 binaries/pl190.o
 *fill*         0x0001f396        0x2 
 .data          0x0001f398        0x4 binaries/platinit.o
                0x0001f398                atags_ptr
 .data          0x0001f39c        0x0 binaries/sp804.o
 .data          0x0001f39c        0x0 binaries/udelay.o
 .data          0x0001f39c        0x4 binaries/create.o
 .data          0x0001f3a0       0x40 binaries/evec.o
                0x0001f3a0                expmsg2
                0x0001f3b4                expmsg1
 .data          0x0001f3e0        0x0 binaries/meminit.o
 .data          0x0001f3e0        0x0 binaries/mmu.o
 .data          0x0001f3e0        0x0 binaries/abs.o
 .data          0x0001f3e0        0x0 binaries/atoi.o
 .data          0x0001f3e0        0x0 binaries/atol.o
 .data          0x0001f3e0        0x0 binaries/bzero.o
 .data          0x0001f3e0        0x0 binaries/ctype_.o
 .data          0x0001f3e0        0x0 binaries/doprnt.o
 .data          0x0001f3e0       0x80 binaries/doscan.o
                0x0001f3e0                _sctab
 .data          0x0001f460        0x0 binaries/fdoprnt.o
 .data          0x0001f460        0x0 binaries/fgetc.o
 .data          0x0001f460        0x0 binaries/fgets.o
 .data          0x0001f460        0x0 binaries/fprintf.o
 .data          0x0001f460        0x0 binaries/fputc.o
 .data          0x0001f460        0x0 binaries/fputs.o
 .data          0x0001f460        0x0 binaries/fscanf.o
 .data          0x0001f460        0x0 binaries/getchar.o
 .data          0x0001f460        0x0 binaries/labs.o
 .data          0x0001f460        0x0 binaries/memchr.o
 .data          0x0001f460        0x0 binaries/memcmp.o
 .data          0x0001f460        0x0 binaries/memcpy.o
 .data          0x0001f460        0x0 binaries/memset.o
 .data          0x0001f460        0x0 binaries/printf.o
 .data          0x0001f460        0x0 binaries/putchar.o
 .data          0x0001f460        0x0 binaries/qsort.o
 .data          0x0001f460        0x4 binaries/rand.o
 .data          0x0001f464        0x0 binaries/sprintf.o
 .data          0x0001f464        0x0 binaries/sscanf.o
 .data          0x0001f464        0x0 binaries/strchr.o
 .data          0x0001f464        0x0 binaries/strcmp.o
 .data          0x0001f464        0x0 binaries/strcpy.o
 .data          0x0001f464        0x0 binaries/strlen.o
 .data          0x0001f464        0x0 binaries/strncat.o
 .data          0x0001f464        0x0 binaries/strncmp.o
 .data          0x0001f464        0x0 binaries/strncpy.o
 .data          0x0001f464        0x0 binaries/strnlen.o
 .data          0x0001f464        0x0 binaries/strrchr.o
 .data          0x0001f464        0x0 binaries/strstr.o
 .data          0x0001f464        0x0 binaries/addargs.o
 .data          0x0001f464        0x0 binaries/lexan.o
 .data          0x0001f464        0x4 binaries/shell.o
                0x0001f464                ncmd
 .data          0x0001f468        0x0 binaries/xsh_argecho.o
 .data          0x0001f468        0x0 binaries/xsh_arp.o
 .data          0x0001f468        0x0 binaries/xsh_cat.o
 .data          0x0001f468        0x0 binaries/xsh_clear.o
 .data          0x0001f468        0x0 binaries/xsh_date.o
 .data          0x0001f468        0x0 binaries/xsh_devdump.o
 .data          0x0001f468        0x0 binaries/xsh_echo.o
 .data          0x0001f468        0x0 binaries/xsh_exit.o
 .data          0x0001f468        0x0 binaries/xsh_hello.o
 .data          0x0001f468        0x0 binaries/xsh_help.o
 .data          0x0001f468        0x0 binaries/xsh_ipaddr.o
 .data          0x0001f468        0x0 binaries/xsh_kill.o
 .data          0x0001f468        0x0 binaries/xsh_led.o
 .data          0x0001f468        0x0 binaries/xsh_memdump.o
 .data          0x0001f468        0x0 binaries/xsh_memstat.o
 .data          0x0001f468        0x0 binaries/xsh_mmu.o
 .data          0x0001f468        0x0 binaries/xsh_ping.o
 .data          0x0001f468        0x0 binaries/xsh_process_ring.o
 .data          0x0001f468        0x0 binaries/xsh_ps.o
 .data          0x0001f468        0x0 binaries/xsh_run.o
 .data          0x0001f468        0x0 binaries/xsh_sleep.o
 .data          0x0001f468        0x0 binaries/xsh_udpdump.o
 .data          0x0001f468        0x0 binaries/xsh_udpecho.o
 .data          0x0001f468        0x0 binaries/xsh_udpeserver.o
 .data          0x0001f468        0x0 binaries/xsh_uptime.o
 .data          0x0001f468        0x0 binaries/consume.o
 .data          0x0001f468        0x0 binaries/process_ring.o
 .data          0x0001f468        0x0 binaries/produce.o
 .data          0x0001f468        0x0 binaries/ttycontrol.o
 .data          0x0001f468        0x0 binaries/ttygetc.o
 .data          0x0001f468        0x0 binaries/ttyhandle_in.o
 .data          0x0001f468        0x0 binaries/ttyhandle_out.o
 .data          0x0001f468        0x0 binaries/ttyhandler.o
 .data          0x0001f468        0x0 binaries/ttyinit.o
 .data          0x0001f468        0x0 binaries/ttykickout.o
 .data          0x0001f468        0x0 binaries/ttyputc.o
 .data          0x0001f468        0x0 binaries/ttyread.o
 .data          0x0001f468        0x0 binaries/ttywrite.o
 .data          0x0001f468        0x0 binaries/mount.o
 .data          0x0001f468        0x0 binaries/naminit.o
 .data          0x0001f468        0x0 binaries/nammap.o
 .data          0x0001f468        0x0 binaries/namopen.o
 .data          0x0001f468        0x0 binaries/ramclose.o
 .data          0x0001f468        0x0 binaries/raminit.o
 .data          0x0001f468        0x0 binaries/ramopen.o
 .data          0x0001f468        0x0 binaries/ramread.o
 .data          0x0001f468        0x0 binaries/ramwrite.o
 .data          0x0001f468        0x0 binaries/lfdballoc.o
 .data          0x0001f468        0x0 binaries/lfdbfree.o
 .data          0x0001f468        0x0 binaries/lfflush.o
 .data          0x0001f468        0x0 binaries/lfgetmode.o
 .data          0x0001f468        0x0 binaries/lfiballoc.o
 .data          0x0001f468        0x0 binaries/lfibclear.o
 .data          0x0001f468        0x0 binaries/lfibget.o
 .data          0x0001f468        0x0 binaries/lfibput.o
 .data          0x0001f468        0x0 binaries/lflclose.o
 .data          0x0001f468        0x0 binaries/lflcontrol.o
 .data          0x0001f468        0x0 binaries/lflgetc.o
 .data          0x0001f468        0x0 binaries/lflinit.o
 .data          0x0001f468        0x0 binaries/lflputc.o
 .data          0x0001f468        0x0 binaries/lflread.o
 .data          0x0001f468        0x0 binaries/lflseek.o
 .data          0x0001f468        0x0 binaries/lflwrite.o
 .data          0x0001f468        0x0 binaries/lfsckfmt.o
 .data          0x0001f468        0x0 binaries/lfscreate.o
 .data          0x0001f468        0x0 binaries/lfsetup.o
 .data          0x0001f468        0x0 binaries/lfsinit.o
 .data          0x0001f468        0x0 binaries/lfsopen.o
 .data          0x0001f468        0x0 binaries/lftruncate.o
 .data          0x0001f468        0x0 binaries/kvprintf.o
 .data          0x0001f468        0x0 binaries/uartControl.o
 .data          0x0001f468        0x0 binaries/uartGetc.o
 .data          0x0001f468        0x0 binaries/uartInit.o
 .data          0x0001f468        0x0 binaries/uartPutc.o
 .data          0x0001f468        0x0 binaries/uartRead.o
 .data          0x0001f468        0x0 binaries/uartStat.o
 .data          0x0001f468        0x0 binaries/uartWrite.o
 .data          0x0001f468        0x0 binaries/kgetc.o
 .data          0x0001f468        0x0 binaries/kputc.o
 .data          0x0001f468        0x0 binaries/uartHwInit.o
 .data          0x0001f468        0x0 binaries/uartHwPutc.o
 .data          0x0001f468        0x0 binaries/uartHwStat.o
 .data          0x0001f468        0x0 binaries/uartInterrupt.o
 .data          0x0001f468        0x0 binaries/Doxygroup.o
 .data          0x0001f468        0x0 binaries/loopbackClose.o
 .data          0x0001f468        0x0 binaries/loopbackControl.o
 .data          0x0001f468        0x0 binaries/loopbackGetc.o
 .data          0x0001f468        0x0 binaries/loopbackInit.o
 .data          0x0001f468        0x0 binaries/loopbackOpen.o
 .data          0x0001f468        0x0 binaries/loopbackPutc.o
 .data          0x0001f468        0x0 binaries/loopbackRead.o
 .data          0x0001f468        0x0 binaries/loopbackWrite.o
 .data          0x0001f468        0x0 binaries/ctxsw.o
 .data          0x0001f468        0x0 binaries/irq_handler.o
 .data          0x0001f468        0x0 binaries/memory_barrier.o
 .data          0x0001f468        0x0 binaries/page_fault.o
 .data          0x0001f468        0x0 binaries/intr.o
 .data          0x0001f468        0x0 /l/arm2/devtools/lib/gcc/arm-none-eabi/4.8.4/libgcc.a(_udivsi3.o)
 .data          0x0001f468        0x0 /l/arm2/devtools/lib/gcc/arm-none-eabi/4.8.4/libgcc.a(_divsi3.o)
 .data          0x0001f468        0x0 /l/arm2/devtools/lib/gcc/arm-none-eabi/4.8.4/libgcc.a(_dvmd_tls.o)
                0x0001f468                edata = ABSOLUTE (.)
                0x00020000                . = ALIGN (0x1000)
 *fill*         0x0001f468      0xb98 

.igot.plt       0x00020000        0x0
 .igot.plt      0x00000000        0x0 binaries/start.o

.bss            0x00020000   0x1b1000
                0x00020000                bss = ABSOLUTE (.)
 *(.bss .bss.*)
 .bss           0x00020000        0x0 binaries/start.o
 .bss           0x00020000        0x0 binaries/ascdate.o
 .bss           0x00020000        0x0 binaries/bufinit.o
 .bss           0x00020000        0x0 binaries/chprio.o
 .bss           0x00020000        0x0 binaries/close.o
 .bss           0x00020000        0x0 binaries/conf.o
 .bss           0x00020000        0x0 binaries/control.o
 .bss           0x00020000        0x0 binaries/exit.o
 .bss           0x00020000        0x0 binaries/freebuf.o
 .bss           0x00020000        0x0 binaries/freemem.o
 .bss           0x00020000        0x0 binaries/future_alloc.o
 .bss           0x00020000        0x0 binaries/future_free.o
 .bss           0x00020000        0x0 binaries/future_get.o
 .bss           0x00020000        0x0 binaries/future_set.o
 .bss           0x00020000        0x0 binaries/future_test.o
 .bss           0x00020000        0x0 binaries/getbuf.o
 .bss           0x00020000        0x0 binaries/getc.o
 .bss           0x00020000        0x0 binaries/getdev.o
 .bss           0x00020000        0x0 binaries/getitem.o
 .bss           0x00020000        0x0 binaries/getmem.o
 .bss           0x00020000        0x0 binaries/getpid.o
 .bss           0x00020000        0x0 binaries/getprio.o
 .bss           0x00020000        0x0 binaries/getstk.o
 .bss           0x00020000        0x0 binaries/init.o
 .bss           0x00020000        0x0 binaries/initialize.o
 .bss           0x00020000        0x0 binaries/insert.o
 .bss           0x00020000        0x0 binaries/insertd.o
 .bss           0x00020000        0x0 binaries/ioerr.o
 .bss           0x00020000        0x0 binaries/ionull.o
 .bss           0x00020000        0x0 binaries/kill.o
 .bss           0x00020000        0x0 binaries/main.o
 .bss           0x00020000        0x0 binaries/mark.o
 .bss           0x00020000        0x0 binaries/mkbufpool.o
 .bss           0x00020000        0x0 binaries/myqueue.o
 .bss           0x00020000        0x0 binaries/newqueue.o
 .bss           0x00020000        0x0 binaries/open.o
 .bss           0x00020000        0x0 binaries/panic.o
 .bss           0x00020000        0x0 binaries/ptclear.o
 .bss           0x00020000        0x0 binaries/ptcount.o
 .bss           0x00020000        0x0 binaries/ptcreate.o
 .bss           0x00020000        0x0 binaries/ptdelete.o
 .bss           0x00020000        0x0 binaries/ptinit.o
 .bss           0x00020000        0x0 binaries/ptrecv.o
 .bss           0x00020000        0x0 binaries/ptreset.o
 .bss           0x00020000        0x0 binaries/ptsend.o
 .bss           0x00020000        0x0 binaries/putc.o
 .bss           0x00020000        0x0 binaries/queue.o
 .bss           0x00020000        0x0 binaries/read.o
 .bss           0x00020000        0x0 binaries/ready.o
 .bss           0x00020000        0x0 binaries/receive.o
 .bss           0x00020000        0x0 binaries/recvclr.o
 .bss           0x00020000        0x0 binaries/recvtime.o
 .bss           0x00020000        0x0 binaries/resched.o
 .bss           0x00020000        0x0 binaries/resume.o
 .bss           0x00020000        0x0 binaries/seek.o
 .bss           0x00020000        0x0 binaries/semcount.o
 .bss           0x00020000        0x4 binaries/semcreate.o
 .bss           0x00020004        0x0 binaries/semdelete.o
 .bss           0x00020004        0x0 binaries/semreset.o
 .bss           0x00020004        0x0 binaries/send.o
 .bss           0x00020004        0x0 binaries/signal.o
 .bss           0x00020004        0x0 binaries/signaln.o
 .bss           0x00020004        0x0 binaries/sleep.o
 .bss           0x00020004        0x0 binaries/suspend.o
 .bss           0x00020004        0x0 binaries/unsleep.o
 .bss           0x00020004        0x0 binaries/userret.o
 .bss           0x00020004        0x0 binaries/wait.o
 .bss           0x00020004        0x0 binaries/wakeup.o
 .bss           0x00020004        0x0 binaries/write.o
 .bss           0x00020004        0x0 binaries/xdone.o
 .bss           0x00020004        0x0 binaries/yield.o
 .bss           0x00020004        0x0 binaries/clkhandler.o
 .bss           0x00020004        0x4 binaries/clkinit.o
                0x00020004                ctr1000
 .bss           0x00020008        0x4 binaries/gettime.o
 .bss           0x0002000c        0x0 binaries/kprintf.o
 .bss           0x0002000c        0x0 binaries/pl190.o
 .bss           0x0002000c        0x0 binaries/platinit.o
 .bss           0x0002000c        0x0 binaries/sp804.o
 .bss           0x0002000c        0x0 binaries/udelay.o
 .bss           0x0002000c        0x0 binaries/create.o
 .bss           0x0002000c        0x0 binaries/evec.o
 .bss           0x0002000c        0x0 binaries/meminit.o
 .bss           0x0002000c        0x0 binaries/mmu.o
 .bss           0x0002000c        0x0 binaries/abs.o
 .bss           0x0002000c        0x0 binaries/atoi.o
 .bss           0x0002000c        0x0 binaries/atol.o
 .bss           0x0002000c        0x0 binaries/bzero.o
 .bss           0x0002000c        0x0 binaries/ctype_.o
 .bss           0x0002000c        0x0 binaries/doprnt.o
 .bss           0x0002000c        0x0 binaries/doscan.o
 .bss           0x0002000c        0x0 binaries/fdoprnt.o
 .bss           0x0002000c        0x0 binaries/fgetc.o
 .bss           0x0002000c        0x0 binaries/fgets.o
 .bss           0x0002000c        0x0 binaries/fprintf.o
 .bss           0x0002000c        0x0 binaries/fputc.o
 .bss           0x0002000c        0x0 binaries/fputs.o
 .bss           0x0002000c        0x0 binaries/fscanf.o
 .bss           0x0002000c        0x0 binaries/getchar.o
 .bss           0x0002000c        0x0 binaries/labs.o
 .bss           0x0002000c        0x0 binaries/memchr.o
 .bss           0x0002000c        0x0 binaries/memcmp.o
 .bss           0x0002000c        0x0 binaries/memcpy.o
 .bss           0x0002000c        0x0 binaries/memset.o
 .bss           0x0002000c        0x0 binaries/printf.o
 .bss           0x0002000c        0x0 binaries/putchar.o
 .bss           0x0002000c        0x8 binaries/qsort.o
 .bss           0x00020014        0x0 binaries/rand.o
 .bss           0x00020014        0x0 binaries/sprintf.o
 .bss           0x00020014        0x0 binaries/sscanf.o
 .bss           0x00020014        0x0 binaries/strchr.o
 .bss           0x00020014        0x0 binaries/strcmp.o
 .bss           0x00020014        0x0 binaries/strcpy.o
 .bss           0x00020014        0x0 binaries/strlen.o
 .bss           0x00020014        0x0 binaries/strncat.o
 .bss           0x00020014        0x0 binaries/strncmp.o
 .bss           0x00020014        0x0 binaries/strncpy.o
 .bss           0x00020014        0x0 binaries/strnlen.o
 .bss           0x00020014        0x0 binaries/strrchr.o
 .bss           0x00020014        0x0 binaries/strstr.o
 .bss           0x00020014        0x0 binaries/addargs.o
 .bss           0x00020014        0x0 binaries/lexan.o
 .bss           0x00020014        0x0 binaries/shell.o
 .bss           0x00020014        0x0 binaries/xsh_argecho.o
 .bss           0x00020014        0x0 binaries/xsh_arp.o
 .bss           0x00020014        0x0 binaries/xsh_cat.o
 .bss           0x00020014        0x0 binaries/xsh_clear.o
 .bss           0x00020014        0x0 binaries/xsh_date.o
 .bss           0x00020014        0x0 binaries/xsh_devdump.o
 .bss           0x00020014        0x0 binaries/xsh_echo.o
 .bss           0x00020014        0x0 binaries/xsh_exit.o
 .bss           0x00020014        0x0 binaries/xsh_hello.o
 .bss           0x00020014        0x0 binaries/xsh_help.o
 .bss           0x00020014        0x0 binaries/xsh_ipaddr.o
 .bss           0x00020014        0x0 binaries/xsh_kill.o
 .bss           0x00020014        0x0 binaries/xsh_led.o
 .bss           0x00020014        0x0 binaries/xsh_memdump.o
 .bss           0x00020014        0x0 binaries/xsh_memstat.o
 .bss           0x00020014        0x0 binaries/xsh_mmu.o
 .bss           0x00020014        0x0 binaries/xsh_ping.o
 .bss           0x00020014        0x0 binaries/xsh_process_ring.o
 .bss           0x00020014        0x0 binaries/xsh_ps.o
 .bss           0x00020014        0x0 binaries/xsh_run.o
 .bss           0x00020014        0x0 binaries/xsh_sleep.o
 .bss           0x00020014        0x0 binaries/xsh_udpdump.o
 .bss           0x00020014        0x0 binaries/xsh_udpecho.o
 .bss           0x00020014        0x0 binaries/xsh_udpeserver.o
 .bss           0x00020014        0x0 binaries/xsh_uptime.o
 .bss           0x00020014        0x0 binaries/consume.o
 .bss           0x00020014        0x0 binaries/process_ring.o
 .bss           0x00020014        0x0 binaries/produce.o
 .bss           0x00020014        0x0 binaries/ttycontrol.o
 .bss           0x00020014        0x0 binaries/ttygetc.o
 .bss           0x00020014        0x0 binaries/ttyhandle_in.o
 .bss           0x00020014        0x0 binaries/ttyhandle_out.o
 .bss           0x00020014        0x0 binaries/ttyhandler.o
 .bss           0x00020014        0x0 binaries/ttyinit.o
 .bss           0x00020014        0x0 binaries/ttykickout.o
 .bss           0x00020014        0x0 binaries/ttyputc.o
 .bss           0x00020014        0x0 binaries/ttyread.o
 .bss           0x00020014        0x0 binaries/ttywrite.o
 .bss           0x00020014        0x0 binaries/mount.o
 .bss           0x00020014        0x0 binaries/naminit.o
 .bss           0x00020014        0x0 binaries/nammap.o
 .bss           0x00020014        0x0 binaries/namopen.o
 .bss           0x00020014        0x0 binaries/ramclose.o
 .bss           0x00020014        0x0 binaries/raminit.o
 .bss           0x00020014        0x0 binaries/ramopen.o
 .bss           0x00020014        0x0 binaries/ramread.o
 .bss           0x00020014        0x0 binaries/ramwrite.o
 .bss           0x00020014        0x0 binaries/lfdballoc.o
 .bss           0x00020014        0x0 binaries/lfdbfree.o
 .bss           0x00020014        0x0 binaries/lfflush.o
 .bss           0x00020014        0x0 binaries/lfgetmode.o
 .bss           0x00020014        0x0 binaries/lfiballoc.o
 .bss           0x00020014        0x0 binaries/lfibclear.o
 .bss           0x00020014        0x0 binaries/lfibget.o
 .bss           0x00020014        0x0 binaries/lfibput.o
 .bss           0x00020014        0x0 binaries/lflclose.o
 .bss           0x00020014        0x0 binaries/lflcontrol.o
 .bss           0x00020014        0x0 binaries/lflgetc.o
 .bss           0x00020014        0x0 binaries/lflinit.o
 .bss           0x00020014        0x0 binaries/lflputc.o
 .bss           0x00020014        0x0 binaries/lflread.o
 .bss           0x00020014        0x0 binaries/lflseek.o
 .bss           0x00020014        0x0 binaries/lflwrite.o
 .bss           0x00020014        0x0 binaries/lfsckfmt.o
 .bss           0x00020014        0x0 binaries/lfscreate.o
 .bss           0x00020014        0x0 binaries/lfsetup.o
 .bss           0x00020014        0x0 binaries/lfsinit.o
 .bss           0x00020014        0x0 binaries/lfsopen.o
 .bss           0x00020014        0x0 binaries/lftruncate.o
 .bss           0x00020014        0x0 binaries/kvprintf.o
 .bss           0x00020014        0x0 binaries/uartControl.o
 .bss           0x00020014        0x0 binaries/uartGetc.o
 .bss           0x00020014        0x0 binaries/uartInit.o
 .bss           0x00020014        0x0 binaries/uartPutc.o
 .bss           0x00020014        0x0 binaries/uartRead.o
 .bss           0x00020014        0x0 binaries/uartStat.o
 .bss           0x00020014        0x0 binaries/uartWrite.o
 .bss           0x00020014        0x0 binaries/kgetc.o
 .bss           0x00020014        0x0 binaries/kputc.o
 .bss           0x00020014        0x0 binaries/uartHwInit.o
 .bss           0x00020014        0x0 binaries/uartHwPutc.o
 .bss           0x00020014        0x0 binaries/uartHwStat.o
 .bss           0x00020014        0x0 binaries/uartInterrupt.o
 .bss           0x00020014        0x0 binaries/Doxygroup.o
 .bss           0x00020014        0x0 binaries/loopbackClose.o
 .bss           0x00020014        0x0 binaries/loopbackControl.o
 .bss           0x00020014        0x0 binaries/loopbackGetc.o
 .bss           0x00020014        0x0 binaries/loopbackInit.o
 .bss           0x00020014        0x0 binaries/loopbackOpen.o
 .bss           0x00020014        0x0 binaries/loopbackPutc.o
 .bss           0x00020014        0x0 binaries/loopbackRead.o
 .bss           0x00020014        0x0 binaries/loopbackWrite.o
 .bss           0x00020014        0x0 binaries/ctxsw.o
 .bss           0x00020014        0x0 binaries/irq_handler.o
 .bss           0x00020014        0x0 binaries/memory_barrier.o
 .bss           0x00020014        0x0 binaries/page_fault.o
 .bss           0x00020014        0x0 binaries/intr.o
 .bss           0x00020014        0x0 /l/arm2/devtools/lib/gcc/arm-none-eabi/4.8.4/libgcc.a(_udivsi3.o)
 .bss           0x00020014        0x0 /l/arm2/devtools/lib/gcc/arm-none-eabi/4.8.4/libgcc.a(_divsi3.o)
 .bss           0x00020014        0x0 /l/arm2/devtools/lib/gcc/arm-none-eabi/4.8.4/libgcc.a(_dvmd_tls.o)
 *(COMMON)
 COMMON         0x00020014       0x3c binaries/ascdate.o
                0x00020014                platform
 COMMON         0x00020050       0xf4 binaries/bufinit.o
                0x00020050                buftab
                0x00020140                nbpools
 COMMON         0x00020144     0x1aa0 binaries/initialize.o
                0x00020144                currpid
                0x00020148                proctab
                0x00021728                prcount
                0x0002172c                semtab
                0x00021bdc                memlist
 COMMON         0x00021be4       0x58 binaries/mark.o
                0x00021be4                marks
                0x00021c34                nmarks
                0x00021c38                mkmutex
 COMMON         0x00021c3c      0x2d8 binaries/ptinit.o
                0x00021c3c                porttab
                0x00021f0c                ptnextid
                0x00021f10                ptfree
 COMMON         0x00021f14      0x980 binaries/queue.o
                0x00021f14                queuetab
 COMMON         0x00022894        0x2 binaries/ready.o
                0x00022894                readylist
 *fill*         0x00022896        0x2 
 COMMON         0x00022898        0x8 binaries/resched.o
                0x00022898                Defer
 COMMON         0x000228a0       0x10 binaries/clkinit.o
                0x000228a0                sleepq
                0x000228a4                clkticks
                0x000228a8                preempt
                0x000228ac                clktime
 COMMON         0x000228b0       0x80 binaries/pl190.o
                0x000228b0                interruptVector
 COMMON         0x00022930      0x200 binaries/evec.o
                0x00022930                intc_vector
 COMMON         0x00022b30        0x8 binaries/meminit.o
                0x00022b30                minheap
                0x00022b34                maxheap
 *fill*         0x00022b38     0x14c8 
 COMMON         0x00024000   0x190000 binaries/mmu.o
                0x00024000                page_table
 COMMON         0x001b4000      0x220 binaries/xsh_process_ring.o
                0x001b4000                round
                0x001b4004                number_of_processes
                0x001b4008                end_time
                0x001b400c                start_time
                0x001b4010                countdown
                0x001b4014                number_of_rounds
                0x001b4018                poll_or_sync
                0x001b401c                parent_process_id
                0x001b4020                ring
                0x001b4120                inbox
 COMMON         0x001b4220       0x30 binaries/xsh_run.o
                0x001b4220                fibfut
                0x001b4248                zero
                0x001b424c                one
 COMMON         0x001b4250      0x110 binaries/ttyinit.o
                0x001b4250                ttytab
 COMMON         0x001b4360     0x19a4 binaries/naminit.o
                0x001b4360                nnames
                0x001b4364                nametab
 COMMON         0x001b5d04    0x19000 binaries/raminit.o
                0x001b5d04                Ram
 COMMON         0x001ced04      0xf00 binaries/lflinit.o
                0x001ced04                lfltab
 COMMON         0x001cfc04      0x20c binaries/lfsinit.o
                0x001cfc04                Lf_data
 COMMON         0x001cfe10      0x83c binaries/uartInit.o
                0x001cfe10                uarttab
 COMMON         0x001d064c      0x410 binaries/loopbackInit.o
                0x001d064c                looptab
                0x001d0a5c                ebss = ABSOLUTE (.)
                0x001d1000                . = ALIGN (0x1000)
 *fill*         0x001d0a5c      0x5a4 
 */()
                0x001d1000                end = ABSOLUTE (.)
                0x001d1000                _end = ABSOLUTE (.)
                0x001d1000                . = ALIGN (0x1000)
LOAD binaries/start.o
LOAD binaries/ascdate.o
LOAD binaries/bufinit.o
LOAD binaries/chprio.o
LOAD binaries/close.o
LOAD binaries/conf.o
LOAD binaries/control.o
LOAD binaries/exit.o
LOAD binaries/freebuf.o
LOAD binaries/freemem.o
LOAD binaries/future_alloc.o
LOAD binaries/future_free.o
LOAD binaries/future_get.o
LOAD binaries/future_set.o
LOAD binaries/future_test.o
LOAD binaries/getbuf.o
LOAD binaries/getc.o
LOAD binaries/getdev.o
LOAD binaries/getitem.o
LOAD binaries/getmem.o
LOAD binaries/getpid.o
LOAD binaries/getprio.o
LOAD binaries/getstk.o
LOAD binaries/init.o
LOAD binaries/initialize.o
LOAD binaries/insert.o
LOAD binaries/insertd.o
LOAD binaries/ioerr.o
LOAD binaries/ionull.o
LOAD binaries/kill.o
LOAD binaries/main.o
LOAD binaries/mark.o
LOAD binaries/mkbufpool.o
LOAD binaries/myqueue.o
LOAD binaries/newqueue.o
LOAD binaries/open.o
LOAD binaries/panic.o
LOAD binaries/ptclear.o
LOAD binaries/ptcount.o
LOAD binaries/ptcreate.o
LOAD binaries/ptdelete.o
LOAD binaries/ptinit.o
LOAD binaries/ptrecv.o
LOAD binaries/ptreset.o
LOAD binaries/ptsend.o
LOAD binaries/putc.o
LOAD binaries/queue.o
LOAD binaries/read.o
LOAD binaries/ready.o
LOAD binaries/receive.o
LOAD binaries/recvclr.o
LOAD binaries/recvtime.o
LOAD binaries/resched.o
LOAD binaries/resume.o
LOAD binaries/seek.o
LOAD binaries/semcount.o
LOAD binaries/semcreate.o
LOAD binaries/semdelete.o
LOAD binaries/semreset.o
LOAD binaries/send.o
LOAD binaries/signal.o
LOAD binaries/signaln.o
LOAD binaries/sleep.o
LOAD binaries/suspend.o
LOAD binaries/unsleep.o
LOAD binaries/userret.o
LOAD binaries/wait.o
LOAD binaries/wakeup.o
LOAD binaries/write.o
LOAD binaries/xdone.o
LOAD binaries/yield.o
LOAD binaries/clkhandler.o
LOAD binaries/clkinit.o
LOAD binaries/gettime.o
LOAD binaries/kprintf.o
LOAD binaries/pl190.o
LOAD binaries/platinit.o
LOAD binaries/sp804.o
LOAD binaries/udelay.o
LOAD binaries/create.o
LOAD binaries/evec.o
LOAD binaries/meminit.o
LOAD binaries/mmu.o
LOAD binaries/abs.o
LOAD binaries/atoi.o
LOAD binaries/atol.o
LOAD binaries/bzero.o
LOAD binaries/ctype_.o
LOAD binaries/doprnt.o
LOAD binaries/doscan.o
LOAD binaries/fdoprnt.o
LOAD binaries/fgetc.o
LOAD binaries/fgets.o
LOAD binaries/fprintf.o
LOAD binaries/fputc.o
LOAD binaries/fputs.o
LOAD binaries/fscanf.o
LOAD binaries/getchar.o
LOAD binaries/labs.o
LOAD binaries/memchr.o
LOAD binaries/memcmp.o
LOAD binaries/memcpy.o
LOAD binaries/memset.o
LOAD binaries/printf.o
LOAD binaries/putchar.o
LOAD binaries/qsort.o
LOAD binaries/rand.o
LOAD binaries/sprintf.o
LOAD binaries/sscanf.o
LOAD binaries/strchr.o
LOAD binaries/strcmp.o
LOAD binaries/strcpy.o
LOAD binaries/strlen.o
LOAD binaries/strncat.o
LOAD binaries/strncmp.o
LOAD binaries/strncpy.o
LOAD binaries/strnlen.o
LOAD binaries/strrchr.o
LOAD binaries/strstr.o
LOAD binaries/addargs.o
LOAD binaries/lexan.o
LOAD binaries/shell.o
LOAD binaries/xsh_argecho.o
LOAD binaries/xsh_arp.o
LOAD binaries/xsh_cat.o
LOAD binaries/xsh_clear.o
LOAD binaries/xsh_date.o
LOAD binaries/xsh_devdump.o
LOAD binaries/xsh_echo.o
LOAD binaries/xsh_exit.o
LOAD binaries/xsh_hello.o
LOAD binaries/xsh_help.o
LOAD binaries/xsh_ipaddr.o
LOAD binaries/xsh_kill.o
LOAD binaries/xsh_led.o
LOAD binaries/xsh_memdump.o
LOAD binaries/xsh_memstat.o
LOAD binaries/xsh_mmu.o
LOAD binaries/xsh_ping.o
LOAD binaries/xsh_process_ring.o
LOAD binaries/xsh_ps.o
LOAD binaries/xsh_run.o
LOAD binaries/xsh_sleep.o
LOAD binaries/xsh_udpdump.o
LOAD binaries/xsh_udpecho.o
LOAD binaries/xsh_udpeserver.o
LOAD binaries/xsh_uptime.o
LOAD binaries/consume.o
LOAD binaries/process_ring.o
LOAD binaries/produce.o
LOAD binaries/ttycontrol.o
LOAD binaries/ttygetc.o
LOAD binaries/ttyhandle_in.o
LOAD binaries/ttyhandle_out.o
LOAD binaries/ttyhandler.o
LOAD binaries/ttyinit.o
LOAD binaries/ttykickout.o
LOAD binaries/ttyputc.o
LOAD binaries/ttyread.o
LOAD binaries/ttywrite.o
LOAD binaries/mount.o
LOAD binaries/naminit.o
LOAD binaries/nammap.o
LOAD binaries/namopen.o
LOAD binaries/ramclose.o
LOAD binaries/raminit.o
LOAD binaries/ramopen.o
LOAD binaries/ramread.o
LOAD binaries/ramwrite.o
LOAD binaries/lfdballoc.o
LOAD binaries/lfdbfree.o
LOAD binaries/lfflush.o
LOAD binaries/lfgetmode.o
LOAD binaries/lfiballoc.o
LOAD binaries/lfibclear.o
LOAD binaries/lfibget.o
LOAD binaries/lfibput.o
LOAD binaries/lflclose.o
LOAD binaries/lflcontrol.o
LOAD binaries/lflgetc.o
LOAD binaries/lflinit.o
LOAD binaries/lflputc.o
LOAD binaries/lflread.o
LOAD binaries/lflseek.o
LOAD binaries/lflwrite.o
LOAD binaries/lfsckfmt.o
LOAD binaries/lfscreate.o
LOAD binaries/lfsetup.o
LOAD binaries/lfsinit.o
LOAD binaries/lfsopen.o
LOAD binaries/lftruncate.o
LOAD binaries/kvprintf.o
LOAD binaries/uartControl.o
LOAD binaries/uartGetc.o
LOAD binaries/uartInit.o
LOAD binaries/uartPutc.o
LOAD binaries/uartRead.o
LOAD binaries/uartStat.o
LOAD binaries/uartWrite.o
LOAD binaries/kgetc.o
LOAD binaries/kputc.o
LOAD binaries/uartHwInit.o
LOAD binaries/uartHwPutc.o
LOAD binaries/uartHwStat.o
LOAD binaries/uartInterrupt.o
LOAD binaries/Doxygroup.o
LOAD binaries/loopbackClose.o
LOAD binaries/loopbackControl.o
LOAD binaries/loopbackGetc.o
LOAD binaries/loopbackInit.o
LOAD binaries/loopbackOpen.o
LOAD binaries/loopbackPutc.o
LOAD binaries/loopbackRead.o
LOAD binaries/loopbackWrite.o
LOAD binaries/ctxsw.o
LOAD binaries/irq_handler.o
LOAD binaries/memory_barrier.o
LOAD binaries/page_fault.o
LOAD binaries/intr.o
LOAD /l/arm2/devtools/lib/gcc/arm-none-eabi/4.8.4/libgcc.a
OUTPUT(../compile/xinu elf32-littlearm)

.ARM.attributes
                0x00000000       0x33
 .ARM.attributes
                0x00000000       0x25 binaries/start.o
 .ARM.attributes
                0x00000025       0x37 binaries/ascdate.o
 .ARM.attributes
                0x0000005c       0x37 binaries/bufinit.o
 .ARM.attributes
                0x00000093       0x37 binaries/chprio.o
 .ARM.attributes
                0x000000ca       0x37 binaries/close.o
 .ARM.attributes
                0x00000101       0x37 binaries/conf.o
 .ARM.attributes
                0x00000138       0x37 binaries/control.o
 .ARM.attributes
                0x0000016f       0x37 binaries/exit.o
 .ARM.attributes
                0x000001a6       0x37 binaries/freebuf.o
 .ARM.attributes
                0x000001dd       0x37 binaries/freemem.o
 .ARM.attributes
                0x00000214       0x37 binaries/future_alloc.o
 .ARM.attributes
                0x0000024b       0x37 binaries/future_free.o
 .ARM.attributes
                0x00000282       0x37 binaries/future_get.o
 .ARM.attributes
                0x000002b9       0x37 binaries/future_set.o
 .ARM.attributes
                0x000002f0       0x37 binaries/future_test.o
 .ARM.attributes
                0x00000327       0x37 binaries/getbuf.o
 .ARM.attributes
                0x0000035e       0x37 binaries/getc.o
 .ARM.attributes
                0x00000395       0x37 binaries/getdev.o
 .ARM.attributes
                0x000003cc       0x37 binaries/getitem.o
 .ARM.attributes
                0x00000403       0x37 binaries/getmem.o
 .ARM.attributes
                0x0000043a       0x37 binaries/getpid.o
 .ARM.attributes
                0x00000471       0x37 binaries/getprio.o
 .ARM.attributes
                0x000004a8       0x37 binaries/getstk.o
 .ARM.attributes
                0x000004df       0x37 binaries/init.o
 .ARM.attributes
                0x00000516       0x37 binaries/initialize.o
 .ARM.attributes
                0x0000054d       0x37 binaries/insert.o
 .ARM.attributes
                0x00000584       0x37 binaries/insertd.o
 .ARM.attributes
                0x000005bb       0x37 binaries/ioerr.o
 .ARM.attributes
                0x000005f2       0x37 binaries/ionull.o
 .ARM.attributes
                0x00000629       0x37 binaries/kill.o
 .ARM.attributes
                0x00000660       0x37 binaries/main.o
 .ARM.attributes
                0x00000697       0x37 binaries/mark.o
 .ARM.attributes
                0x000006ce       0x37 binaries/mkbufpool.o
 .ARM.attributes
                0x00000705       0x37 binaries/myqueue.o
 .ARM.attributes
                0x0000073c       0x37 binaries/newqueue.o
 .ARM.attributes
                0x00000773       0x37 binaries/open.o
 .ARM.attributes
                0x000007aa       0x37 binaries/panic.o
 .ARM.attributes
                0x000007e1       0x37 binaries/ptclear.o
 .ARM.attributes
                0x00000818       0x37 binaries/ptcount.o
 .ARM.attributes
                0x0000084f       0x37 binaries/ptcreate.o
 .ARM.attributes
                0x00000886       0x37 binaries/ptdelete.o
 .ARM.attributes
                0x000008bd       0x37 binaries/ptinit.o
 .ARM.attributes
                0x000008f4       0x37 binaries/ptrecv.o
 .ARM.attributes
                0x0000092b       0x37 binaries/ptreset.o
 .ARM.attributes
                0x00000962       0x37 binaries/ptsend.o
 .ARM.attributes
                0x00000999       0x37 binaries/putc.o
 .ARM.attributes
                0x000009d0       0x37 binaries/queue.o
 .ARM.attributes
                0x00000a07       0x37 binaries/read.o
 .ARM.attributes
                0x00000a3e       0x37 binaries/ready.o
 .ARM.attributes
                0x00000a75       0x37 binaries/receive.o
 .ARM.attributes
                0x00000aac       0x37 binaries/recvclr.o
 .ARM.attributes
                0x00000ae3       0x37 binaries/recvtime.o
 .ARM.attributes
                0x00000b1a       0x37 binaries/resched.o
 .ARM.attributes
                0x00000b51       0x37 binaries/resume.o
 .ARM.attributes
                0x00000b88       0x37 binaries/seek.o
 .ARM.attributes
                0x00000bbf       0x37 binaries/semcount.o
 .ARM.attributes
                0x00000bf6       0x37 binaries/semcreate.o
 .ARM.attributes
                0x00000c2d       0x37 binaries/semdelete.o
 .ARM.attributes
                0x00000c64       0x37 binaries/semreset.o
 .ARM.attributes
                0x00000c9b       0x37 binaries/send.o
 .ARM.attributes
                0x00000cd2       0x37 binaries/signal.o
 .ARM.attributes
                0x00000d09       0x37 binaries/signaln.o
 .ARM.attributes
                0x00000d40       0x37 binaries/sleep.o
 .ARM.attributes
                0x00000d77       0x37 binaries/suspend.o
 .ARM.attributes
                0x00000dae       0x37 binaries/unsleep.o
 .ARM.attributes
                0x00000de5       0x37 binaries/userret.o
 .ARM.attributes
                0x00000e1c       0x37 binaries/wait.o
 .ARM.attributes
                0x00000e53       0x37 binaries/wakeup.o
 .ARM.attributes
                0x00000e8a       0x37 binaries/write.o
 .ARM.attributes
                0x00000ec1       0x37 binaries/xdone.o
 .ARM.attributes
                0x00000ef8       0x37 binaries/yield.o
 .ARM.attributes
                0x00000f2f       0x37 binaries/clkhandler.o
 .ARM.attributes
                0x00000f66       0x37 binaries/clkinit.o
 .ARM.attributes
                0x00000f9d       0x37 binaries/gettime.o
 .ARM.attributes
                0x00000fd4       0x37 binaries/kprintf.o
 .ARM.attributes
                0x0000100b       0x37 binaries/pl190.o
 .ARM.attributes
                0x00001042       0x37 binaries/platinit.o
 .ARM.attributes
                0x00001079       0x37 binaries/sp804.o
 .ARM.attributes
                0x000010b0       0x37 binaries/udelay.o
 .ARM.attributes
                0x000010e7       0x37 binaries/create.o
 .ARM.attributes
                0x0000111e       0x37 binaries/evec.o
 .ARM.attributes
                0x00001155       0x37 binaries/meminit.o
 .ARM.attributes
                0x0000118c       0x37 binaries/mmu.o
 .ARM.attributes
                0x000011c3       0x37 binaries/abs.o
 .ARM.attributes
                0x000011fa       0x37 binaries/atoi.o
 .ARM.attributes
                0x00001231       0x37 binaries/atol.o
 .ARM.attributes
                0x00001268       0x37 binaries/bzero.o
 .ARM.attributes
                0x0000129f       0x37 binaries/ctype_.o
 .ARM.attributes
                0x000012d6       0x37 binaries/doprnt.o
 .ARM.attributes
                0x0000130d       0x37 binaries/doscan.o
 .ARM.attributes
                0x00001344       0x37 binaries/fdoprnt.o
 .ARM.attributes
                0x0000137b       0x37 binaries/fgetc.o
 .ARM.attributes
                0x000013b2       0x37 binaries/fgets.o
 .ARM.attributes
                0x000013e9       0x37 binaries/fprintf.o
 .ARM.attributes
                0x00001420       0x37 binaries/fputc.o
 .ARM.attributes
                0x00001457       0x37 binaries/fputs.o
 .ARM.attributes
                0x0000148e       0x37 binaries/fscanf.o
 .ARM.attributes
                0x000014c5       0x37 binaries/getchar.o
 .ARM.attributes
                0x000014fc       0x37 binaries/labs.o
 .ARM.attributes
                0x00001533       0x37 binaries/memchr.o
 .ARM.attributes
                0x0000156a       0x37 binaries/memcmp.o
 .ARM.attributes
                0x000015a1       0x37 binaries/memcpy.o
 .ARM.attributes
                0x000015d8       0x37 binaries/memset.o
 .ARM.attributes
                0x0000160f       0x37 binaries/printf.o
 .ARM.attributes
                0x00001646       0x37 binaries/putchar.o
 .ARM.attributes
                0x0000167d       0x37 binaries/qsort.o
 .ARM.attributes
                0x000016b4       0x37 binaries/rand.o
 .ARM.attributes
                0x000016eb       0x37 binaries/sprintf.o
 .ARM.attributes
                0x00001722       0x37 binaries/sscanf.o
 .ARM.attributes
                0x00001759       0x37 binaries/strchr.o
 .ARM.attributes
                0x00001790       0x37 binaries/strcmp.o
 .ARM.attributes
                0x000017c7       0x37 binaries/strcpy.o
 .ARM.attributes
                0x000017fe       0x37 binaries/strlen.o
 .ARM.attributes
                0x00001835       0x37 binaries/strncat.o
 .ARM.attributes
                0x0000186c       0x37 binaries/strncmp.o
 .ARM.attributes
                0x000018a3       0x37 binaries/strncpy.o
 .ARM.attributes
                0x000018da       0x37 binaries/strnlen.o
 .ARM.attributes
                0x00001911       0x37 binaries/strrchr.o
 .ARM.attributes
                0x00001948       0x37 binaries/strstr.o
 .ARM.attributes
                0x0000197f       0x37 binaries/addargs.o
 .ARM.attributes
                0x000019b6       0x37 binaries/lexan.o
 .ARM.attributes
                0x000019ed       0x37 binaries/shell.o
 .ARM.attributes
                0x00001a24       0x37 binaries/xsh_argecho.o
 .ARM.attributes
                0x00001a5b       0x37 binaries/xsh_arp.o
 .ARM.attributes
                0x00001a92       0x37 binaries/xsh_cat.o
 .ARM.attributes
                0x00001ac9       0x37 binaries/xsh_clear.o
 .ARM.attributes
                0x00001b00       0x37 binaries/xsh_date.o
 .ARM.attributes
                0x00001b37       0x37 binaries/xsh_devdump.o
 .ARM.attributes
                0x00001b6e       0x37 binaries/xsh_echo.o
 .ARM.attributes
                0x00001ba5       0x37 binaries/xsh_exit.o
 .ARM.attributes
                0x00001bdc       0x37 binaries/xsh_hello.o
 .ARM.attributes
                0x00001c13       0x37 binaries/xsh_help.o
 .ARM.attributes
                0x00001c4a       0x37 binaries/xsh_ipaddr.o
 .ARM.attributes
                0x00001c81       0x37 binaries/xsh_kill.o
 .ARM.attributes
                0x00001cb8       0x37 binaries/xsh_led.o
 .ARM.attributes
                0x00001cef       0x37 binaries/xsh_memdump.o
 .ARM.attributes
                0x00001d26       0x37 binaries/xsh_memstat.o
 .ARM.attributes
                0x00001d5d       0x37 binaries/xsh_mmu.o
 .ARM.attributes
                0x00001d94       0x37 binaries/xsh_ping.o
 .ARM.attributes
                0x00001dcb       0x37 binaries/xsh_process_ring.o
 .ARM.attributes
                0x00001e02       0x37 binaries/xsh_ps.o
 .ARM.attributes
                0x00001e39       0x37 binaries/xsh_run.o
 .ARM.attributes
                0x00001e70       0x37 binaries/xsh_sleep.o
 .ARM.attributes
                0x00001ea7       0x37 binaries/xsh_udpdump.o
 .ARM.attributes
                0x00001ede       0x37 binaries/xsh_udpecho.o
 .ARM.attributes
                0x00001f15       0x37 binaries/xsh_udpeserver.o
 .ARM.attributes
                0x00001f4c       0x37 binaries/xsh_uptime.o
 .ARM.attributes
                0x00001f83       0x37 binaries/consume.o
 .ARM.attributes
                0x00001fba       0x37 binaries/process_ring.o
 .ARM.attributes
                0x00001ff1       0x37 binaries/produce.o
 .ARM.attributes
                0x00002028       0x37 binaries/ttycontrol.o
 .ARM.attributes
                0x0000205f       0x37 binaries/ttygetc.o
 .ARM.attributes
                0x00002096       0x37 binaries/ttyhandle_in.o
 .ARM.attributes
                0x000020cd       0x37 binaries/ttyhandle_out.o
 .ARM.attributes
                0x00002104       0x37 binaries/ttyhandler.o
 .ARM.attributes
                0x0000213b       0x37 binaries/ttyinit.o
 .ARM.attributes
                0x00002172       0x37 binaries/ttykickout.o
 .ARM.attributes
                0x000021a9       0x37 binaries/ttyputc.o
 .ARM.attributes
                0x000021e0       0x37 binaries/ttyread.o
 .ARM.attributes
                0x00002217       0x37 binaries/ttywrite.o
 .ARM.attributes
                0x0000224e       0x37 binaries/mount.o
 .ARM.attributes
                0x00002285       0x37 binaries/naminit.o
 .ARM.attributes
                0x000022bc       0x37 binaries/nammap.o
 .ARM.attributes
                0x000022f3       0x37 binaries/namopen.o
 .ARM.attributes
                0x0000232a       0x37 binaries/ramclose.o
 .ARM.attributes
                0x00002361       0x37 binaries/raminit.o
 .ARM.attributes
                0x00002398       0x37 binaries/ramopen.o
 .ARM.attributes
                0x000023cf       0x37 binaries/ramread.o
 .ARM.attributes
                0x00002406       0x37 binaries/ramwrite.o
 .ARM.attributes
                0x0000243d       0x37 binaries/lfdballoc.o
 .ARM.attributes
                0x00002474       0x37 binaries/lfdbfree.o
 .ARM.attributes
                0x000024ab       0x37 binaries/lfflush.o
 .ARM.attributes
                0x000024e2       0x37 binaries/lfgetmode.o
 .ARM.attributes
                0x00002519       0x37 binaries/lfiballoc.o
 .ARM.attributes
                0x00002550       0x37 binaries/lfibclear.o
 .ARM.attributes
                0x00002587       0x37 binaries/lfibget.o
 .ARM.attributes
                0x000025be       0x37 binaries/lfibput.o
 .ARM.attributes
                0x000025f5       0x37 binaries/lflclose.o
 .ARM.attributes
                0x0000262c       0x37 binaries/lflcontrol.o
 .ARM.attributes
                0x00002663       0x37 binaries/lflgetc.o
 .ARM.attributes
                0x0000269a       0x37 binaries/lflinit.o
 .ARM.attributes
                0x000026d1       0x37 binaries/lflputc.o
 .ARM.attributes
                0x00002708       0x37 binaries/lflread.o
 .ARM.attributes
                0x0000273f       0x37 binaries/lflseek.o
 .ARM.attributes
                0x00002776       0x37 binaries/lflwrite.o
 .ARM.attributes
                0x000027ad       0x37 binaries/lfsckfmt.o
 .ARM.attributes
                0x000027e4       0x37 binaries/lfscreate.o
 .ARM.attributes
                0x0000281b       0x37 binaries/lfsetup.o
 .ARM.attributes
                0x00002852       0x37 binaries/lfsinit.o
 .ARM.attributes
                0x00002889       0x37 binaries/lfsopen.o
 .ARM.attributes
                0x000028c0       0x37 binaries/lftruncate.o
 .ARM.attributes
                0x000028f7       0x37 binaries/kvprintf.o
 .ARM.attributes
                0x0000292e       0x37 binaries/uartControl.o
 .ARM.attributes
                0x00002965       0x37 binaries/uartGetc.o
 .ARM.attributes
                0x0000299c       0x37 binaries/uartInit.o
 .ARM.attributes
                0x000029d3       0x37 binaries/uartPutc.o
 .ARM.attributes
                0x00002a0a       0x37 binaries/uartRead.o
 .ARM.attributes
                0x00002a41       0x37 binaries/uartStat.o
 .ARM.attributes
                0x00002a78       0x37 binaries/uartWrite.o
 .ARM.attributes
                0x00002aaf       0x37 binaries/kgetc.o
 .ARM.attributes
                0x00002ae6       0x37 binaries/kputc.o
 .ARM.attributes
                0x00002b1d       0x37 binaries/uartHwInit.o
 .ARM.attributes
                0x00002b54       0x37 binaries/uartHwPutc.o
 .ARM.attributes
                0x00002b8b       0x37 binaries/uartHwStat.o
 .ARM.attributes
                0x00002bc2       0x37 binaries/uartInterrupt.o
 .ARM.attributes
                0x00002bf9       0x37 binaries/Doxygroup.o
 .ARM.attributes
                0x00002c30       0x37 binaries/loopbackClose.o
 .ARM.attributes
                0x00002c67       0x37 binaries/loopbackControl.o
 .ARM.attributes
                0x00002c9e       0x37 binaries/loopbackGetc.o
 .ARM.attributes
                0x00002cd5       0x37 binaries/loopbackInit.o
 .ARM.attributes
                0x00002d0c       0x37 binaries/loopbackOpen.o
 .ARM.attributes
                0x00002d43       0x37 binaries/loopbackPutc.o
 .ARM.attributes
                0x00002d7a       0x37 binaries/loopbackRead.o
 .ARM.attributes
                0x00002db1       0x37 binaries/loopbackWrite.o
 .ARM.attributes
                0x00002de8       0x25 binaries/ctxsw.o
 .ARM.attributes
                0x00002e0d       0x25 binaries/irq_handler.o
 .ARM.attributes
                0x00002e32       0x25 binaries/memory_barrier.o
 .ARM.attributes
                0x00002e57       0x25 binaries/page_fault.o
 .ARM.attributes
                0x00002e7c       0x25 binaries/intr.o
 .ARM.attributes
                0x00002ea1       0x18 /l/arm2/devtools/lib/gcc/arm-none-eabi/4.8.4/libgcc.a(_udivsi3.o)
 .ARM.attributes
                0x00002eb9       0x18 /l/arm2/devtools/lib/gcc/arm-none-eabi/4.8.4/libgcc.a(_divsi3.o)
 .ARM.attributes
                0x00002ed1       0x18 /l/arm2/devtools/lib/gcc/arm-none-eabi/4.8.4/libgcc.a(_dvmd_tls.o)

.comment        0x00000000       0x70
 .comment       0x00000000       0x70 binaries/ascdate.o
                                 0x71 (size before relaxing)
 .comment       0x00000000       0x71 binaries/bufinit.o
 .comment       0x00000000       0x71 binaries/chprio.o
 .comment       0x00000000       0x71 binaries/close.o
 .comment       0x00000000       0x71 binaries/conf.o
 .comment       0x00000000       0x71 binaries/control.o
 .comment       0x00000000       0x71 binaries/exit.o
 .comment       0x00000000       0x71 binaries/freebuf.o
 .comment       0x00000000       0x71 binaries/freemem.o
 .comment       0x00000000       0x71 binaries/future_alloc.o
 .comment       0x00000000       0x71 binaries/future_free.o
 .comment       0x00000000       0x71 binaries/future_get.o
 .comment       0x00000000       0x71 binaries/future_set.o
 .comment       0x00000000       0x71 binaries/future_test.o
 .comment       0x00000000       0x71 binaries/getbuf.o
 .comment       0x00000000       0x71 binaries/getc.o
 .comment       0x00000000       0x71 binaries/getdev.o
 .comment       0x00000000       0x71 binaries/getitem.o
 .comment       0x00000000       0x71 binaries/getmem.o
 .comment       0x00000000       0x71 binaries/getpid.o
 .comment       0x00000000       0x71 binaries/getprio.o
 .comment       0x00000000       0x71 binaries/getstk.o
 .comment       0x00000000       0x71 binaries/init.o
 .comment       0x00000000       0x71 binaries/initialize.o
 .comment       0x00000000       0x71 binaries/insert.o
 .comment       0x00000000       0x71 binaries/insertd.o
 .comment       0x00000000       0x71 binaries/ioerr.o
 .comment       0x00000000       0x71 binaries/ionull.o
 .comment       0x00000000       0x71 binaries/kill.o
 .comment       0x00000000       0x71 binaries/main.o
 .comment       0x00000000       0x71 binaries/mark.o
 .comment       0x00000000       0x71 binaries/mkbufpool.o
 .comment       0x00000000       0x71 binaries/myqueue.o
 .comment       0x00000000       0x71 binaries/newqueue.o
 .comment       0x00000000       0x71 binaries/open.o
 .comment       0x00000000       0x71 binaries/panic.o
 .comment       0x00000000       0x71 binaries/ptclear.o
 .comment       0x00000000       0x71 binaries/ptcount.o
 .comment       0x00000000       0x71 binaries/ptcreate.o
 .comment       0x00000000       0x71 binaries/ptdelete.o
 .comment       0x00000000       0x71 binaries/ptinit.o
 .comment       0x00000000       0x71 binaries/ptrecv.o
 .comment       0x00000000       0x71 binaries/ptreset.o
 .comment       0x00000000       0x71 binaries/ptsend.o
 .comment       0x00000000       0x71 binaries/putc.o
 .comment       0x00000000       0x71 binaries/queue.o
 .comment       0x00000000       0x71 binaries/read.o
 .comment       0x00000000       0x71 binaries/ready.o
 .comment       0x00000000       0x71 binaries/receive.o
 .comment       0x00000000       0x71 binaries/recvclr.o
 .comment       0x00000000       0x71 binaries/recvtime.o
 .comment       0x00000000       0x71 binaries/resched.o
 .comment       0x00000000       0x71 binaries/resume.o
 .comment       0x00000000       0x71 binaries/seek.o
 .comment       0x00000000       0x71 binaries/semcount.o
 .comment       0x00000000       0x71 binaries/semcreate.o
 .comment       0x00000000       0x71 binaries/semdelete.o
 .comment       0x00000000       0x71 binaries/semreset.o
 .comment       0x00000000       0x71 binaries/send.o
 .comment       0x00000000       0x71 binaries/signal.o
 .comment       0x00000000       0x71 binaries/signaln.o
 .comment       0x00000000       0x71 binaries/sleep.o
 .comment       0x00000000       0x71 binaries/suspend.o
 .comment       0x00000000       0x71 binaries/unsleep.o
 .comment       0x00000000       0x71 binaries/userret.o
 .comment       0x00000000       0x71 binaries/wait.o
 .comment       0x00000000       0x71 binaries/wakeup.o
 .comment       0x00000000       0x71 binaries/write.o
 .comment       0x00000000       0x71 binaries/xdone.o
 .comment       0x00000000       0x71 binaries/yield.o
 .comment       0x00000000       0x71 binaries/clkhandler.o
 .comment       0x00000000       0x71 binaries/clkinit.o
 .comment       0x00000000       0x71 binaries/gettime.o
 .comment       0x00000000       0x71 binaries/kprintf.o
 .comment       0x00000000       0x71 binaries/pl190.o
 .comment       0x00000000       0x71 binaries/platinit.o
 .comment       0x00000000       0x71 binaries/sp804.o
 .comment       0x00000000       0x71 binaries/udelay.o
 .comment       0x00000000       0x71 binaries/create.o
 .comment       0x00000000       0x71 binaries/evec.o
 .comment       0x00000000       0x71 binaries/meminit.o
 .comment       0x00000000       0x71 binaries/mmu.o
 .comment       0x00000000       0x71 binaries/abs.o
 .comment       0x00000000       0x71 binaries/atoi.o
 .comment       0x00000000       0x71 binaries/atol.o
 .comment       0x00000000       0x71 binaries/bzero.o
 .comment       0x00000000       0x71 binaries/ctype_.o
 .comment       0x00000000       0x71 binaries/doprnt.o
 .comment       0x00000000       0x71 binaries/doscan.o
 .comment       0x00000000       0x71 binaries/fdoprnt.o
 .comment       0x00000000       0x71 binaries/fgetc.o
 .comment       0x00000000       0x71 binaries/fgets.o
 .comment       0x00000000       0x71 binaries/fprintf.o
 .comment       0x00000000       0x71 binaries/fputc.o
 .comment       0x00000000       0x71 binaries/fputs.o
 .comment       0x00000000       0x71 binaries/fscanf.o
 .comment       0x00000000       0x71 binaries/getchar.o
 .comment       0x00000000       0x71 binaries/labs.o
 .comment       0x00000000       0x71 binaries/memchr.o
 .comment       0x00000000       0x71 binaries/memcmp.o
 .comment       0x00000000       0x71 binaries/memcpy.o
 .comment       0x00000000       0x71 binaries/memset.o
 .comment       0x00000000       0x71 binaries/printf.o
 .comment       0x00000000       0x71 binaries/putchar.o
 .comment       0x00000000       0x71 binaries/qsort.o
 .comment       0x00000000       0x71 binaries/rand.o
 .comment       0x00000000       0x71 binaries/sprintf.o
 .comment       0x00000000       0x71 binaries/sscanf.o
 .comment       0x00000000       0x71 binaries/strchr.o
 .comment       0x00000000       0x71 binaries/strcmp.o
 .comment       0x00000000       0x71 binaries/strcpy.o
 .comment       0x00000000       0x71 binaries/strlen.o
 .comment       0x00000000       0x71 binaries/strncat.o
 .comment       0x00000000       0x71 binaries/strncmp.o
 .comment       0x00000000       0x71 binaries/strncpy.o
 .comment       0x00000000       0x71 binaries/strnlen.o
 .comment       0x00000000       0x71 binaries/strrchr.o
 .comment       0x00000000       0x71 binaries/strstr.o
 .comment       0x00000000       0x71 binaries/addargs.o
 .comment       0x00000000       0x71 binaries/lexan.o
 .comment       0x00000000       0x71 binaries/shell.o
 .comment       0x00000000       0x71 binaries/xsh_argecho.o
 .comment       0x00000000       0x71 binaries/xsh_arp.o
 .comment       0x00000000       0x71 binaries/xsh_cat.o
 .comment       0x00000000       0x71 binaries/xsh_clear.o
 .comment       0x00000000       0x71 binaries/xsh_date.o
 .comment       0x00000000       0x71 binaries/xsh_devdump.o
 .comment       0x00000000       0x71 binaries/xsh_echo.o
 .comment       0x00000000       0x71 binaries/xsh_exit.o
 .comment       0x00000000       0x71 binaries/xsh_hello.o
 .comment       0x00000000       0x71 binaries/xsh_help.o
 .comment       0x00000000       0x71 binaries/xsh_ipaddr.o
 .comment       0x00000000       0x71 binaries/xsh_kill.o
 .comment       0x00000000       0x71 binaries/xsh_led.o
 .comment       0x00000000       0x71 binaries/xsh_memdump.o